Archive member included to satisfy reference by file (symbol)

e:/st/stm32cubeide_1.4.0/stm32cubeide/plugins/com.st.stm32cube.ide.mcu.externaltools.gnu-tools-for-stm32.7-2018-q2-update.win32_1.4.0.202007081208/tools/bin/../lib/gcc/arm-none-eabi/7.3.1/../../../../arm-none-eabi/lib/thumb/v7e-m/fpv4-sp/hard\libc_nano.a(lib_a-errno.o)
                              Core/Src/syscalls.o (__errno)
e:/st/stm32cubeide_1.4.0/stm32cubeide/plugins/com.st.stm32cube.ide.mcu.externaltools.gnu-tools-for-stm32.7-2018-q2-update.win32_1.4.0.202007081208/tools/bin/../lib/gcc/arm-none-eabi/7.3.1/../../../../arm-none-eabi/lib/thumb/v7e-m/fpv4-sp/hard\libc_nano.a(lib_a-exit.o)
                              e:/st/stm32cubeide_1.4.0/stm32cubeide/plugins/com.st.stm32cube.ide.mcu.externaltools.gnu-tools-for-stm32.7-2018-q2-update.win32_1.4.0.202007081208/tools/bin/../lib/gcc/arm-none-eabi/7.3.1/../../../../arm-none-eabi/lib/thumb/v7e-m/fpv4-sp/hard/crt0.o (exit)
e:/st/stm32cubeide_1.4.0/stm32cubeide/plugins/com.st.stm32cube.ide.mcu.externaltools.gnu-tools-for-stm32.7-2018-q2-update.win32_1.4.0.202007081208/tools/bin/../lib/gcc/arm-none-eabi/7.3.1/../../../../arm-none-eabi/lib/thumb/v7e-m/fpv4-sp/hard\libc_nano.a(lib_a-impure.o)
                              e:/st/stm32cubeide_1.4.0/stm32cubeide/plugins/com.st.stm32cube.ide.mcu.externaltools.gnu-tools-for-stm32.7-2018-q2-update.win32_1.4.0.202007081208/tools/bin/../lib/gcc/arm-none-eabi/7.3.1/../../../../arm-none-eabi/lib/thumb/v7e-m/fpv4-sp/hard\libc_nano.a(lib_a-exit.o) (_global_impure_ptr)
e:/st/stm32cubeide_1.4.0/stm32cubeide/plugins/com.st.stm32cube.ide.mcu.externaltools.gnu-tools-for-stm32.7-2018-q2-update.win32_1.4.0.202007081208/tools/bin/../lib/gcc/arm-none-eabi/7.3.1/../../../../arm-none-eabi/lib/thumb/v7e-m/fpv4-sp/hard\libc_nano.a(lib_a-init.o)
                              e:/st/stm32cubeide_1.4.0/stm32cubeide/plugins/com.st.stm32cube.ide.mcu.externaltools.gnu-tools-for-stm32.7-2018-q2-update.win32_1.4.0.202007081208/tools/bin/../lib/gcc/arm-none-eabi/7.3.1/../../../../arm-none-eabi/lib/thumb/v7e-m/fpv4-sp/hard/crt0.o (__libc_init_array)
e:/st/stm32cubeide_1.4.0/stm32cubeide/plugins/com.st.stm32cube.ide.mcu.externaltools.gnu-tools-for-stm32.7-2018-q2-update.win32_1.4.0.202007081208/tools/bin/../lib/gcc/arm-none-eabi/7.3.1/../../../../arm-none-eabi/lib/thumb/v7e-m/fpv4-sp/hard\libc_nano.a(lib_a-memcmp.o)
                              ThirdParty/SEGGER/OS/SEGGER_SYSVIEW_FreeRTOS.o (memcmp)
e:/st/stm32cubeide_1.4.0/stm32cubeide/plugins/com.st.stm32cube.ide.mcu.externaltools.gnu-tools-for-stm32.7-2018-q2-update.win32_1.4.0.202007081208/tools/bin/../lib/gcc/arm-none-eabi/7.3.1/../../../../arm-none-eabi/lib/thumb/v7e-m/fpv4-sp/hard\libc_nano.a(lib_a-memcpy-stub.o)
                              ThirdParty/FreeRTOS/queue.o (memcpy)
e:/st/stm32cubeide_1.4.0/stm32cubeide/plugins/com.st.stm32cube.ide.mcu.externaltools.gnu-tools-for-stm32.7-2018-q2-update.win32_1.4.0.202007081208/tools/bin/../lib/gcc/arm-none-eabi/7.3.1/../../../../arm-none-eabi/lib/thumb/v7e-m/fpv4-sp/hard\libc_nano.a(lib_a-memset.o)
                              e:/st/stm32cubeide_1.4.0/stm32cubeide/plugins/com.st.stm32cube.ide.mcu.externaltools.gnu-tools-for-stm32.7-2018-q2-update.win32_1.4.0.202007081208/tools/bin/../lib/gcc/arm-none-eabi/7.3.1/../../../../arm-none-eabi/lib/thumb/v7e-m/fpv4-sp/hard/crt0.o (memset)
e:/st/stm32cubeide_1.4.0/stm32cubeide/plugins/com.st.stm32cube.ide.mcu.externaltools.gnu-tools-for-stm32.7-2018-q2-update.win32_1.4.0.202007081208/tools/bin/../lib/gcc/arm-none-eabi/7.3.1/../../../../arm-none-eabi/lib/thumb/v7e-m/fpv4-sp/hard\libc_nano.a(lib_a-strlen.o)
                              ThirdParty/SEGGER/SEGGER/SEGGER_RTT.o (strlen)
e:/st/stm32cubeide_1.4.0/stm32cubeide/plugins/com.st.stm32cube.ide.mcu.externaltools.gnu-tools-for-stm32.7-2018-q2-update.win32_1.4.0.202007081208/tools/bin/../lib/gcc/arm-none-eabi/7.3.1/thumb/v7e-m/fpv4-sp/hard\libgcc.a(_aeabi_uldivmod.o)
                              Drivers/STM32F7xx_HAL_Driver/Src/stm32f7xx_hal_rcc.o (__aeabi_uldivmod)
e:/st/stm32cubeide_1.4.0/stm32cubeide/plugins/com.st.stm32cube.ide.mcu.externaltools.gnu-tools-for-stm32.7-2018-q2-update.win32_1.4.0.202007081208/tools/bin/../lib/gcc/arm-none-eabi/7.3.1/thumb/v7e-m/fpv4-sp/hard\libgcc.a(_udivmoddi4.o)
                              e:/st/stm32cubeide_1.4.0/stm32cubeide/plugins/com.st.stm32cube.ide.mcu.externaltools.gnu-tools-for-stm32.7-2018-q2-update.win32_1.4.0.202007081208/tools/bin/../lib/gcc/arm-none-eabi/7.3.1/thumb/v7e-m/fpv4-sp/hard\libgcc.a(_aeabi_uldivmod.o) (__udivmoddi4)
e:/st/stm32cubeide_1.4.0/stm32cubeide/plugins/com.st.stm32cube.ide.mcu.externaltools.gnu-tools-for-stm32.7-2018-q2-update.win32_1.4.0.202007081208/tools/bin/../lib/gcc/arm-none-eabi/7.3.1/thumb/v7e-m/fpv4-sp/hard\libgcc.a(_dvmd_tls.o)
[...]
Memory Configuration

Name             Origin             Length             Attributes
RAM              0x0000000020000000 0x0000000000050000 xrw
FLASH            0x0000000008000000 0x0000000000100000 xr
*default*        0x0000000000000000 0xffffffffffffffff

Linker script and memory map

LOAD e:/st/stm32cubeide_1.4.0/stm32cubeide/plugins/com.st.stm32cube.ide.mcu.externaltools.gnu-tools-for-stm32.7-2018-q2-update.win32_1.4.0.202007081208/tools/bin/../lib/gcc/arm-none-eabi/7.3.1/thumb/v7e-m/fpv4-sp/hard/crti.o
LOAD e:/st/stm32cubeide_1.4.0/stm32cubeide/plugins/com.st.stm32cube.ide.mcu.externaltools.gnu-tools-for-stm32.7-2018-q2-update.win32_1.4.0.202007081208/tools/bin/../lib/gcc/arm-none-eabi/7.3.1/thumb/v7e-m/fpv4-sp/hard/crtbegin.o
LOAD e:/st/stm32cubeide_1.4.0/stm32cubeide/plugins/com.st.stm32cube.ide.mcu.externaltools.gnu-tools-for-stm32.7-2018-q2-update.win32_1.4.0.202007081208/tools/bin/../lib/gcc/arm-none-eabi/7.3.1/../../../../arm-none-eabi/lib/thumb/v7e-m/fpv4-sp/hard/crt0.o
LOAD Core/Src/main.o
LOAD Core/Src/stm32f7xx_hal_msp.o
LOAD Core/Src/stm32f7xx_hal_timebase_tim.o
LOAD Core/Src/stm32f7xx_it.o
LOAD Core/Src/syscalls.o
LOAD Core/Src/system_stm32f7xx.o
LOAD Core/Startup/startup_stm32f746nghx.o
LOAD Drivers/STM32F7xx_HAL_Driver/Src/stm32f7xx_hal.o
LOAD Drivers/STM32F7xx_HAL_Driver/Src/stm32f7xx_hal_cortex.o
LOAD Drivers/STM32F7xx_HAL_Driver/Src/stm32f7xx_hal_dma.o
LOAD Drivers/STM32F7xx_HAL_Driver/Src/stm32f7xx_hal_dma_ex.o
LOAD Drivers/STM32F7xx_HAL_Driver/Src/stm32f7xx_hal_exti.o
LOAD Drivers/STM32F7xx_HAL_Driver/Src/stm32f7xx_hal_flash.o
LOAD Drivers/STM32F7xx_HAL_Driver/Src/stm32f7xx_hal_flash_ex.o
LOAD Drivers/STM32F7xx_HAL_Driver/Src/stm32f7xx_hal_gpio.o
LOAD Drivers/STM32F7xx_HAL_Driver/Src/stm32f7xx_hal_i2c.o
LOAD Drivers/STM32F7xx_HAL_Driver/Src/stm32f7xx_hal_i2c_ex.o
LOAD Drivers/STM32F7xx_HAL_Driver/Src/stm32f7xx_hal_pwr.o
LOAD Drivers/STM32F7xx_HAL_Driver/Src/stm32f7xx_hal_pwr_ex.o
LOAD Drivers/STM32F7xx_HAL_Driver/Src/stm32f7xx_hal_rcc.o
LOAD Drivers/STM32F7xx_HAL_Driver/Src/stm32f7xx_hal_rcc_ex.o
LOAD Drivers/STM32F7xx_HAL_Driver/Src/stm32f7xx_hal_tim.o
LOAD Drivers/STM32F7xx_HAL_Driver/Src/stm32f7xx_hal_tim_ex.o
LOAD ThirdParty/FreeRTOS/croutine.o
LOAD ThirdParty/FreeRTOS/event_groups.o
LOAD ThirdParty/FreeRTOS/list.o
LOAD ThirdParty/FreeRTOS/queue.o
LOAD ThirdParty/FreeRTOS/stream_buffer.o
LOAD ThirdParty/FreeRTOS/tasks.o
LOAD ThirdParty/FreeRTOS/timers.o
LOAD ThirdParty/FreeRTOS/portable/GCC/ARM_CM7/r0p1/port.o
LOAD ThirdParty/FreeRTOS/portable/MemMang/heap_4.o
LOAD ThirdParty/SEGGER/Config/SEGGER_SYSVIEW_Config_FreeRTOS.o
LOAD ThirdParty/SEGGER/OS/SEGGER_SYSVIEW_FreeRTOS.o
LOAD ThirdParty/SEGGER/SEGGER/SEGGER_RTT.o
LOAD ThirdParty/SEGGER/SEGGER/SEGGER_RTT_ASM_ARMv7M.o
LOAD ThirdParty/SEGGER/SEGGER/SEGGER_RTT_printf.o
LOAD ThirdParty/SEGGER/SEGGER/SEGGER_SYSVIEW.o
LOAD ThirdParty/SEGGER/SEGGER/Syscalls/SEGGER_RTT_Syscalls_GCC.o
START GROUP
LOAD e:/st/stm32cubeide_1.4.0/stm32cubeide/plugins/com.st.stm32cube.ide.mcu.externaltools.gnu-tools-for-stm32.7-2018-q2-update.win32_1.4.0.202007081208/tools/bin/../lib/gcc/arm-none-eabi/7.3.1/../../../../arm-none-eabi/lib/thumb/v7e-m/fpv4-sp/hard\libc_nano.a
LOAD e:/st/stm32cubeide_1.4.0/stm32cubeide/plugins/com.st.stm32cube.ide.mcu.externaltools.gnu-tools-for-stm32.7-2018-q2-update.win32_1.4.0.202007081208/tools/bin/../lib/gcc/arm-none-eabi/7.3.1/../../../../arm-none-eabi/lib/thumb/v7e-m/fpv4-sp/hard\libm.a
END GROUP
START GROUP
LOAD e:/st/stm32cubeide_1.4.0/stm32cubeide/plugins/com.st.stm32cube.ide.mcu.externaltools.gnu-tools-for-stm32.7-2018-q2-update.win32_1.4.0.202007081208/tools/bin/../lib/gcc/arm-none-eabi/7.3.1/thumb/v7e-m/fpv4-sp/hard\libgcc.a
LOAD e:/st/stm32cubeide_1.4.0/stm32cubeide/plugins/com.st.stm32cube.ide.mcu.externaltools.gnu-tools-for-stm32.7-2018-q2-update.win32_1.4.0.202007081208/tools/bin/../lib/gcc/arm-none-eabi/7.3.1/../../../../arm-none-eabi/lib/thumb/v7e-m/fpv4-sp/hard\libc_nano.a
END GROUP
START GROUP
LOAD e:/st/stm32cubeide_1.4.0/stm32cubeide/plugins/com.st.stm32cube.ide.mcu.externaltools.gnu-tools-for-stm32.7-2018-q2-update.win32_1.4.0.202007081208/tools/bin/../lib/gcc/arm-none-eabi/7.3.1/thumb/v7e-m/fpv4-sp/hard\libgcc.a
LOAD e:/st/stm32cubeide_1.4.0/stm32cubeide/plugins/com.st.stm32cube.ide.mcu.externaltools.gnu-tools-for-stm32.7-2018-q2-update.win32_1.4.0.202007081208/tools/bin/../lib/gcc/arm-none-eabi/7.3.1/../../../../arm-none-eabi/lib/thumb/v7e-m/fpv4-sp/hard\libc_nano.a
LOAD e:/st/stm32cubeide_1.4.0/stm32cubeide/plugins/com.st.stm32cube.ide.mcu.externaltools.gnu-tools-for-stm32.7-2018-q2-update.win32_1.4.0.202007081208/tools/bin/../lib/gcc/arm-none-eabi/7.3.1/../../../../arm-none-eabi/lib/thumb/v7e-m/fpv4-sp/hard\libnosys.a
END GROUP
START GROUP
LOAD e:/st/stm32cubeide_1.4.0/stm32cubeide/plugins/com.st.stm32cube.ide.mcu.externaltools.gnu-tools-for-stm32.7-2018-q2-update.win32_1.4.0.202007081208/tools/bin/../lib/gcc/arm-none-eabi/7.3.1/thumb/v7e-m/fpv4-sp/hard\libgcc.a
LOAD e:/st/stm32cubeide_1.4.0/stm32cubeide/plugins/com.st.stm32cube.ide.mcu.externaltools.gnu-tools-for-stm32.7-2018-q2-update.win32_1.4.0.202007081208/tools/bin/../lib/gcc/arm-none-eabi/7.3.1/../../../../arm-none-eabi/lib/thumb/v7e-m/fpv4-sp/hard\libc_nano.a
LOAD e:/st/stm32cubeide_1.4.0/stm32cubeide/plugins/com.st.stm32cube.ide.mcu.externaltools.gnu-tools-for-stm32.7-2018-q2-update.win32_1.4.0.202007081208/tools/bin/../lib/gcc/arm-none-eabi/7.3.1/../../../../arm-none-eabi/lib/thumb/v7e-m/fpv4-sp/hard\libnosys.a
END GROUP
LOAD e:/st/stm32cubeide_1.4.0/stm32cubeide/plugins/com.st.stm32cube.ide.mcu.externaltools.gnu-tools-for-stm32.7-2018-q2-update.win32_1.4.0.202007081208/tools/bin/../lib/gcc/arm-none-eabi/7.3.1/thumb/v7e-m/fpv4-sp/hard/crtend.o
LOAD e:/st/stm32cubeide_1.4.0/stm32cubeide/plugins/com.st.stm32cube.ide.mcu.externaltools.gnu-tools-for-stm32.7-2018-q2-update.win32_1.4.0.202007081208/tools/bin/../lib/gcc/arm-none-eabi/7.3.1/thumb/v7e-m/fpv4-sp/hard/crtn.o
                0x0000000020050000                _estack = (ORIGIN (RAM) + LENGTH (RAM))
                0x0000000000000200                _Min_Heap_Size = 0x200
                0x0000000000000400                _Min_Stack_Size = 0x400

.isr_vector     0x0000000008000000      0x1c8
                0x0000000008000000                . = ALIGN (0x4)
 *(.isr_vector)
 .isr_vector    0x0000000008000000      0x1c8 Core/Startup/startup_stm32f746nghx.o
                0x0000000008000000                g_pfnVectors
                0x00000000080001c8                . = ALIGN (0x4)

.text           0x00000000080001d0     0x54a4
                0x00000000080001d0                . = ALIGN (0x4)
 *(.text)
 .text          0x00000000080001d0       0x40 e:/st/stm32cubeide_1.4.0/stm32cubeide/plugins/com.st.stm32cube.ide.mcu.externaltools.gnu-tools-for-stm32.7-2018-q2-update.win32_1.4.0.202007081208/tools/bin/../lib/gcc/arm-none-eabi/7.3.1/thumb/v7e-m/fpv4-sp/hard/crtbegin.o
 .text          0x0000000008000210       0x94 ThirdParty/SEGGER/SEGGER/SEGGER_RTT_ASM_ARMv7M.o
                0x0000000008000210                SEGGER_RTT_ASM_WriteSkipNoLock
 .text          0x00000000080002a4       0x30 e:/st/stm32cubeide_1.4.0/stm32cubeide/plugins/com.st.stm32cube.ide.mcu.externaltools.gnu-tools-for-stm32.7-2018-q2-update.win32_1.4.0.202007081208/tools/bin/../lib/gcc/arm-none-eabi/7.3.1/thumb/v7e-m/fpv4-sp/hard\libgcc.a(_aeabi_uldivmod.o)
                0x00000000080002a4                __aeabi_uldivmod
 .text          0x00000000080002d4      0x2cc e:/st/stm32cubeide_1.4.0/stm32cubeide/plugins/com.st.stm32cube.ide.mcu.externaltools.gnu-tools-for-stm32.7-2018-q2-update.win32_1.4.0.202007081208/tools/bin/../lib/gcc/arm-none-eabi/7.3.1/thumb/v7e-m/fpv4-sp/hard\libgcc.a(_udivmoddi4.o)
                0x00000000080002d4                __udivmoddi4
 .text          0x00000000080005a0        0x4 e:/st/stm32cubeide_1.4.0/stm32cubeide/plugins/com.st.stm32cube.ide.mcu.externaltools.gnu-tools-for-stm32.7-2018-q2-update.win32_1.4.0.202007081208/tools/bin/../lib/gcc/arm-none-eabi/7.3.1/thumb/v7e-m/fpv4-sp/hard\libgcc.a(_dvmd_tls.o)
                0x00000000080005a0                __aeabi_idiv0
                0x00000000080005a0                __aeabi_ldiv0
 *(.text*)
 .text.main     0x00000000080005a4       0xe4 Core/Src/main.o
                0x00000000080005a4                main
 .text.SystemClock_Config
                0x0000000008000688       0xd0 Core/Src/main.o
                0x0000000008000688                SystemClock_Config
 .text.MX_GPIO_Init
                0x0000000008000758      0x934 Core/Src/main.o
 .text.Task1_Handler
                0x000000000800108c       0x38 Core/Src/main.o
 .text.Task2_Handler
                0x00000000080010c4       0x3c Core/Src/main.o
 .text.Task3_Handler
                0x0000000008001100       0x50 Core/Src/main.o
 .text.HAL_TIM_PeriodElapsedCallback
                0x0000000008001150       0x24 Core/Src/main.o
                0x0000000008001150                HAL_TIM_PeriodElapsedCallback
 .text.Error_Handler
                0x0000000008001174        0xe Core/Src/main.o
                0x0000000008001174                Error_Handler
 *fill*         0x0000000008001182        0x2 
 .text.HAL_MspInit
                0x0000000008001184       0x48 Core/Src/stm32f7xx_hal_msp.o
                0x0000000008001184                HAL_MspInit
 .text.HAL_InitTick
                0x00000000080011cc       0xb0 Core/Src/stm32f7xx_hal_timebase_tim.o
                0x00000000080011cc                HAL_InitTick
 .text.NMI_Handler
                0x000000000800127c        0xe Core/Src/stm32f7xx_it.o
                0x000000000800127c                NMI_Handler
 .text.HardFault_Handler
                0x000000000800128a        0x6 Core/Src/stm32f7xx_it.o
                0x000000000800128a                HardFault_Handler
 .text.MemManage_Handler
                0x0000000008001290        0x6 Core/Src/stm32f7xx_it.o
                0x0000000008001290                MemManage_Handler
 .text.BusFault_Handler
                0x0000000008001296        0x6 Core/Src/stm32f7xx_it.o
                0x0000000008001296                BusFault_Handler
 .text.UsageFault_Handler
                0x000000000800129c        0x6 Core/Src/stm32f7xx_it.o
                0x000000000800129c                UsageFault_Handler
 .text.DebugMon_Handler
                0x00000000080012a2        0xe Core/Src/stm32f7xx_it.o
                0x00000000080012a2                DebugMon_Handler
 .text.TIM6_DAC_IRQHandler
                0x00000000080012b0       0x14 Core/Src/stm32f7xx_it.o
                0x00000000080012b0                TIM6_DAC_IRQHandler
 .text.SystemInit
                0x00000000080012c4       0x24 Core/Src/system_stm32f7xx.o
                0x00000000080012c4                SystemInit
 .text.Reset_Handler
                0x00000000080012e8       0x50 Core/Startup/startup_stm32f746nghx.o
                0x00000000080012e8                Reset_Handler
 .text.Default_Handler
                0x0000000008001338        0x2 Core/Startup/startup_stm32f746nghx.o
                0x0000000008001338                RTC_Alarm_IRQHandler
                0x0000000008001338                EXTI2_IRQHandler
                0x0000000008001338                TIM8_CC_IRQHandler
                0x0000000008001338                UART8_IRQHandler
                0x0000000008001338                SPI4_IRQHandler
                0x0000000008001338                TIM1_CC_IRQHandler
                0x0000000008001338                DMA2_Stream5_IRQHandler
                0x0000000008001338                DMA1_Stream5_IRQHandler
                0x0000000008001338                PVD_IRQHandler
                0x0000000008001338                TAMP_STAMP_IRQHandler
                0x0000000008001338                CAN2_RX1_IRQHandler
                0x0000000008001338                EXTI3_IRQHandler
                0x0000000008001338                TIM8_TRG_COM_TIM14_IRQHandler
                0x0000000008001338                TIM1_UP_TIM10_IRQHandler
                0x0000000008001338                TIM8_UP_TIM13_IRQHandler
                0x0000000008001338                I2C3_ER_IRQHandler
                0x0000000008001338                EXTI0_IRQHandler
                0x0000000008001338                I2C2_EV_IRQHandler
                0x0000000008001338                DMA1_Stream2_IRQHandler
                0x0000000008001338                CAN1_RX0_IRQHandler
                0x0000000008001338                FPU_IRQHandler
                0x0000000008001338                OTG_HS_WKUP_IRQHandler
                0x0000000008001338                LTDC_ER_IRQHandler
                0x0000000008001338                CAN2_SCE_IRQHandler
                0x0000000008001338                DMA2_Stream2_IRQHandler
                0x0000000008001338                SPI1_IRQHandler
                0x0000000008001338                TIM1_BRK_TIM9_IRQHandler
                0x0000000008001338                DCMI_IRQHandler
                0x0000000008001338                CAN2_RX0_IRQHandler
                0x0000000008001338                DMA2_Stream3_IRQHandler
                0x0000000008001338                SAI2_IRQHandler
                0x0000000008001338                USART6_IRQHandler
                0x0000000008001338                USART3_IRQHandler
                0x0000000008001338                CAN1_RX1_IRQHandler
                0x0000000008001338                UART5_IRQHandler
                0x0000000008001338                DMA2_Stream0_IRQHandler
                0x0000000008001338                TIM4_IRQHandler
                0x0000000008001338                QUADSPI_IRQHandler
                0x0000000008001338                I2C1_EV_IRQHandler
                0x0000000008001338                DMA1_Stream6_IRQHandler
                0x0000000008001338                DMA1_Stream1_IRQHandler
                0x0000000008001338                UART4_IRQHandler
                0x0000000008001338                TIM3_IRQHandler
                0x0000000008001338                RCC_IRQHandler
                0x0000000008001338                TIM8_BRK_TIM12_IRQHandler
                0x0000000008001338                Default_Handler
                0x0000000008001338                CEC_IRQHandler
                0x0000000008001338                EXTI15_10_IRQHandler
                0x0000000008001338                ADC_IRQHandler
                0x0000000008001338                DMA1_Stream7_IRQHandler
                0x0000000008001338                SPI5_IRQHandler
                0x0000000008001338                TIM7_IRQHandler
                0x0000000008001338                SDMMC1_IRQHandler
                0x0000000008001338                CAN2_TX_IRQHandler
                0x0000000008001338                TIM5_IRQHandler
                0x0000000008001338                DMA2_Stream7_IRQHandler
                0x0000000008001338                I2C3_EV_IRQHandler
                0x0000000008001338                EXTI9_5_IRQHandler
                0x0000000008001338                RTC_WKUP_IRQHandler
                0x0000000008001338                LTDC_IRQHandler
                0x0000000008001338                ETH_WKUP_IRQHandler
                0x0000000008001338                SPDIF_RX_IRQHandler
                0x0000000008001338                SPI2_IRQHandler
                0x0000000008001338                OTG_HS_EP1_IN_IRQHandler
                0x0000000008001338                DMA1_Stream0_IRQHandler
                0x0000000008001338                CAN1_TX_IRQHandler
                0x0000000008001338                EXTI4_IRQHandler
                0x0000000008001338                RNG_IRQHandler
                0x0000000008001338                ETH_IRQHandler
                0x0000000008001338                OTG_HS_EP1_OUT_IRQHandler
                0x0000000008001338                WWDG_IRQHandler
                0x0000000008001338                SPI6_IRQHandler
                0x0000000008001338                I2C4_EV_IRQHandler
                0x0000000008001338                TIM2_IRQHandler
                0x0000000008001338                OTG_FS_WKUP_IRQHandler
                0x0000000008001338                TIM1_TRG_COM_TIM11_IRQHandler
                0x0000000008001338                OTG_HS_IRQHandler
                0x0000000008001338                DMA2D_IRQHandler
                0x0000000008001338                EXTI1_IRQHandler
                0x0000000008001338                UART7_IRQHandler
                0x0000000008001338                USART2_IRQHandler
                0x0000000008001338                I2C2_ER_IRQHandler
                0x0000000008001338                DMA2_Stream1_IRQHandler
                0x0000000008001338                CAN1_SCE_IRQHandler
                0x0000000008001338                FLASH_IRQHandler
                0x0000000008001338                DMA2_Stream4_IRQHandler
                0x0000000008001338                USART1_IRQHandler
                0x0000000008001338                OTG_FS_IRQHandler
                0x0000000008001338                SPI3_IRQHandler
                0x0000000008001338                DMA1_Stream4_IRQHandler
                0x0000000008001338                I2C1_ER_IRQHandler
                0x0000000008001338                FMC_IRQHandler
                0x0000000008001338                LPTIM1_IRQHandler
                0x0000000008001338                I2C4_ER_IRQHandler
                0x0000000008001338                DMA2_Stream6_IRQHandler
                0x0000000008001338                SAI1_IRQHandler
                0x0000000008001338                DMA1_Stream3_IRQHandler
 .text.HAL_Init
                0x000000000800133a       0x1a Drivers/STM32F7xx_HAL_Driver/Src/stm32f7xx_hal.o
                0x000000000800133a                HAL_Init
 .text.HAL_IncTick
                0x0000000008001354       0x28 Drivers/STM32F7xx_HAL_Driver/Src/stm32f7xx_hal.o
                0x0000000008001354                HAL_IncTick
 .text.HAL_GetTick
                0x000000000800137c       0x18 Drivers/STM32F7xx_HAL_Driver/Src/stm32f7xx_hal.o
                0x000000000800137c                HAL_GetTick
 .text.__NVIC_SetPriorityGrouping
                0x0000000008001394       0x48 Drivers/STM32F7xx_HAL_Driver/Src/stm32f7xx_hal_cortex.o
 .text.__NVIC_GetPriorityGrouping
                0x00000000080013dc       0x1c Drivers/STM32F7xx_HAL_Driver/Src/stm32f7xx_hal_cortex.o
 .text.__NVIC_EnableIRQ
                0x00000000080013f8       0x3c Drivers/STM32F7xx_HAL_Driver/Src/stm32f7xx_hal_cortex.o
 .text.__NVIC_SetPriority
                0x0000000008001434       0x54 Drivers/STM32F7xx_HAL_Driver/Src/stm32f7xx_hal_cortex.o
 .text.NVIC_EncodePriority
                0x0000000008001488       0x66 Drivers/STM32F7xx_HAL_Driver/Src/stm32f7xx_hal_cortex.o
 .text.HAL_NVIC_SetPriorityGrouping
                0x00000000080014ee       0x16 Drivers/STM32F7xx_HAL_Driver/Src/stm32f7xx_hal_cortex.o
                0x00000000080014ee                HAL_NVIC_SetPriorityGrouping
 .text.HAL_NVIC_SetPriority
                0x0000000008001504       0x38 Drivers/STM32F7xx_HAL_Driver/Src/stm32f7xx_hal_cortex.o
                0x0000000008001504                HAL_NVIC_SetPriority
 .text.HAL_NVIC_EnableIRQ
                0x000000000800153c       0x1c Drivers/STM32F7xx_HAL_Driver/Src/stm32f7xx_hal_cortex.o
                0x000000000800153c                HAL_NVIC_EnableIRQ
 .text.HAL_GPIO_Init
                0x0000000008001558      0x354 Drivers/STM32F7xx_HAL_Driver/Src/stm32f7xx_hal_gpio.o
                0x0000000008001558                HAL_GPIO_Init
 .text.HAL_GPIO_ReadPin
                0x00000000080018ac       0x30 Drivers/STM32F7xx_HAL_Driver/Src/stm32f7xx_hal_gpio.o
                0x00000000080018ac                HAL_GPIO_ReadPin
 .text.HAL_GPIO_WritePin
                0x00000000080018dc       0x32 Drivers/STM32F7xx_HAL_Driver/Src/stm32f7xx_hal_gpio.o
                0x00000000080018dc                HAL_GPIO_WritePin
 *fill*         0x000000000800190e        0x2 
 .text.HAL_RCC_OscConfig
                0x0000000008001910      0x548 Drivers/STM32F7xx_HAL_Driver/Src/stm32f7xx_hal_rcc.o
                0x0000000008001910                HAL_RCC_OscConfig
 .text.HAL_RCC_ClockConfig
                0x0000000008001e58      0x1d8 Drivers/STM32F7xx_HAL_Driver/Src/stm32f7xx_hal_rcc.o
                0x0000000008001e58                HAL_RCC_ClockConfig
 .text.HAL_RCC_GetSysClockFreq
                0x0000000008002030      0x164 Drivers/STM32F7xx_HAL_Driver/Src/stm32f7xx_hal_rcc.o
                0x0000000008002030                HAL_RCC_GetSysClockFreq
 .text.HAL_RCC_GetHCLKFreq
                0x0000000008002194       0x18 Drivers/STM32F7xx_HAL_Driver/Src/stm32f7xx_hal_rcc.o
                0x0000000008002194                HAL_RCC_GetHCLKFreq
 .text.HAL_RCC_GetPCLK1Freq
                0x00000000080021ac       0x28 Drivers/STM32F7xx_HAL_Driver/Src/stm32f7xx_hal_rcc.o
                0x00000000080021ac                HAL_RCC_GetPCLK1Freq
 .text.HAL_RCC_GetClockConfig
                0x00000000080021d4       0x64 Drivers/STM32F7xx_HAL_Driver/Src/stm32f7xx_hal_rcc.o
                0x00000000080021d4                HAL_RCC_GetClockConfig
 .text.HAL_TIM_Base_Init
                0x0000000008002238       0xae Drivers/STM32F7xx_HAL_Driver/Src/stm32f7xx_hal_tim.o
                0x0000000008002238                HAL_TIM_Base_Init
 .text.HAL_TIM_Base_MspInit
                0x00000000080022e6       0x14 Drivers/STM32F7xx_HAL_Driver/Src/stm32f7xx_hal_tim.o
                0x00000000080022e6                HAL_TIM_Base_MspInit
 *fill*         0x00000000080022fa        0x2 
 .text.HAL_TIM_Base_Start_IT
                0x00000000080022fc       0xf0 Drivers/STM32F7xx_HAL_Driver/Src/stm32f7xx_hal_tim.o
                0x00000000080022fc                HAL_TIM_Base_Start_IT
 .text.HAL_TIM_IRQHandler
                0x00000000080023ec      0x23e Drivers/STM32F7xx_HAL_Driver/Src/stm32f7xx_hal_tim.o
                0x00000000080023ec                HAL_TIM_IRQHandler
 .text.HAL_TIM_OC_DelayElapsedCallback
                0x000000000800262a       0x14 Drivers/STM32F7xx_HAL_Driver/Src/stm32f7xx_hal_tim.o
                0x000000000800262a                HAL_TIM_OC_DelayElapsedCallback
 .text.HAL_TIM_IC_CaptureCallback
                0x000000000800263e       0x14 Drivers/STM32F7xx_HAL_Driver/Src/stm32f7xx_hal_tim.o
                0x000000000800263e                HAL_TIM_IC_CaptureCallback
 .text.HAL_TIM_PWM_PulseFinishedCallback
                0x0000000008002652       0x14 Drivers/STM32F7xx_HAL_Driver/Src/stm32f7xx_hal_tim.o
                0x0000000008002652                HAL_TIM_PWM_PulseFinishedCallback
 .text.HAL_TIM_TriggerCallback
                0x0000000008002666       0x14 Drivers/STM32F7xx_HAL_Driver/Src/stm32f7xx_hal_tim.o
                0x0000000008002666                HAL_TIM_TriggerCallback
 *fill*         0x000000000800267a        0x2 
 .text.TIM_Base_SetConfig
                0x000000000800267c      0x140 Drivers/STM32F7xx_HAL_Driver/Src/stm32f7xx_hal_tim.o
                0x000000000800267c                TIM_Base_SetConfig
 .text.HAL_TIMEx_CommutCallback
                0x00000000080027bc       0x14 Drivers/STM32F7xx_HAL_Driver/Src/stm32f7xx_hal_tim_ex.o
                0x00000000080027bc                HAL_TIMEx_CommutCallback
 .text.HAL_TIMEx_BreakCallback
                0x00000000080027d0       0x14 Drivers/STM32F7xx_HAL_Driver/Src/stm32f7xx_hal_tim_ex.o
                0x00000000080027d0                HAL_TIMEx_BreakCallback
 .text.HAL_TIMEx_Break2Callback
                0x00000000080027e4       0x14 Drivers/STM32F7xx_HAL_Driver/Src/stm32f7xx_hal_tim_ex.o
                0x00000000080027e4                HAL_TIMEx_Break2Callback
 .text.vListInitialise
                0x00000000080027f8       0x40 ThirdParty/FreeRTOS/list.o
                0x00000000080027f8                vListInitialise
 .text.vListInitialiseItem
                0x0000000008002838       0x1a ThirdParty/FreeRTOS/list.o
                0x0000000008002838                vListInitialiseItem
 .text.vListInsertEnd
                0x0000000008002852       0x48 ThirdParty/FreeRTOS/list.o
                0x0000000008002852                vListInsertEnd
 .text.vListInsert
                0x000000000800289a       0x72 ThirdParty/FreeRTOS/list.o
                0x000000000800289a                vListInsert
 .text.uxListRemove
                0x000000000800290c       0x54 ThirdParty/FreeRTOS/list.o
                0x000000000800290c                uxListRemove
 .text.xTaskCreate
                0x0000000008002960       0x82 ThirdParty/FreeRTOS/tasks.o
                0x0000000008002960                xTaskCreate
 .text.prvInitialiseNewTask
                0x00000000080029e2      0x12e ThirdParty/FreeRTOS/tasks.o
 .text.prvAddNewTaskToReadyList
                0x0000000008002b10      0x118 ThirdParty/FreeRTOS/tasks.o
 .text.vTaskDelay
                0x0000000008002c28       0x74 ThirdParty/FreeRTOS/tasks.o
                0x0000000008002c28                vTaskDelay
 .text.vTaskStartScheduler
                0x0000000008002c9c       0xbc ThirdParty/FreeRTOS/tasks.o
                0x0000000008002c9c                vTaskStartScheduler
 .text.vTaskSuspendAll
                0x0000000008002d58       0x1c ThirdParty/FreeRTOS/tasks.o
                0x0000000008002d58                vTaskSuspendAll
 .text.xTaskResumeAll
                0x0000000008002d74      0x144 ThirdParty/FreeRTOS/tasks.o
                0x0000000008002d74                xTaskResumeAll
 .text.xTaskGetTickCountFromISR
                0x0000000008002eb8       0x24 ThirdParty/FreeRTOS/tasks.o
                0x0000000008002eb8                xTaskGetTickCountFromISR
 .text.xTaskIncrementTick
                0x0000000008002edc      0x17c ThirdParty/FreeRTOS/tasks.o
                0x0000000008002edc                xTaskIncrementTick
 .text.vTaskSwitchContext
                0x0000000008003058       0xd4 ThirdParty/FreeRTOS/tasks.o
                0x0000000008003058                vTaskSwitchContext
 .text.prvIdleTask
                0x000000000800312c       0x30 ThirdParty/FreeRTOS/tasks.o
 .text.prvInitialiseTaskLists
                0x000000000800315c       0x80 ThirdParty/FreeRTOS/tasks.o
 .text.prvCheckTasksWaitingTermination
                0x00000000080031dc       0x58 ThirdParty/FreeRTOS/tasks.o
 .text.prvDeleteTCB
                0x0000000008003234       0x20 ThirdParty/FreeRTOS/tasks.o
 .text.prvResetNextTaskUnblockTime
                0x0000000008003254       0x38 ThirdParty/FreeRTOS/tasks.o
 .text.prvAddCurrentTaskToDelayedList
                0x000000000800328c       0xf0 ThirdParty/FreeRTOS/tasks.o
 .text.pxPortInitialiseStack
                0x000000000800337c       0x68 ThirdParty/FreeRTOS/portable/GCC/ARM_CM7/r0p1/port.o
                0x000000000800337c                pxPortInitialiseStack
 .text.prvTaskExitError
                0x00000000080033e4       0x5c ThirdParty/FreeRTOS/portable/GCC/ARM_CM7/r0p1/port.o
 .text.SVC_Handler
                0x0000000008003440       0x28 ThirdParty/FreeRTOS/portable/GCC/ARM_CM7/r0p1/port.o
                0x0000000008003440                SVC_Handler
 .text.prvPortStartFirstTask
                0x0000000008003468       0x2c ThirdParty/FreeRTOS/portable/GCC/ARM_CM7/r0p1/port.o
 .text.xPortStartScheduler
                0x0000000008003494       0xf8 ThirdParty/FreeRTOS/portable/GCC/ARM_CM7/r0p1/port.o
                0x0000000008003494                xPortStartScheduler
 .text.vInitPrioGroupValue
                0x000000000800358c       0xb0 ThirdParty/FreeRTOS/portable/GCC/ARM_CM7/r0p1/port.o
                0x000000000800358c                vInitPrioGroupValue
 .text.vPortEnterCritical
                0x000000000800363c       0x64 ThirdParty/FreeRTOS/portable/GCC/ARM_CM7/r0p1/port.o
                0x000000000800363c                vPortEnterCritical
 .text.vPortExitCritical
                0x00000000080036a0       0x54 ThirdParty/FreeRTOS/portable/GCC/ARM_CM7/r0p1/port.o
                0x00000000080036a0                vPortExitCritical
 *fill*         0x00000000080036f4        0xc 
 .text.PendSV_Handler
                0x0000000008003700       0x68 ThirdParty/FreeRTOS/portable/GCC/ARM_CM7/r0p1/port.o
                0x0000000008003700                PendSV_Handler
 .text.SysTick_Handler
                0x0000000008003768       0x54 ThirdParty/FreeRTOS/portable/GCC/ARM_CM7/r0p1/port.o
                0x0000000008003768                SysTick_Handler
 .text.vPortSetupTimerInterrupt
                0x00000000080037bc       0x48 ThirdParty/FreeRTOS/portable/GCC/ARM_CM7/r0p1/port.o
                0x00000000080037bc                vPortSetupTimerInterrupt
 .text.vPortEnableVFP
                0x0000000008003804       0x18 ThirdParty/FreeRTOS/portable/GCC/ARM_CM7/r0p1/port.o
 .text.vPortValidateInterruptPriority
                0x000000000800381c       0x84 ThirdParty/FreeRTOS/portable/GCC/ARM_CM7/r0p1/port.o
                0x000000000800381c                vPortValidateInterruptPriority
 .text.pvPortMalloc
                0x00000000080038a0      0x1c4 ThirdParty/FreeRTOS/portable/MemMang/heap_4.o
                0x00000000080038a0                pvPortMalloc
 .text.vPortFree
                0x0000000008003a64       0xc8 ThirdParty/FreeRTOS/portable/MemMang/heap_4.o
                0x0000000008003a64                vPortFree
 .text.prvHeapInit
                0x0000000008003b2c       0xc4 ThirdParty/FreeRTOS/portable/MemMang/heap_4.o
 .text.prvInsertBlockIntoFreeList
                0x0000000008003bf0       0xb4 ThirdParty/FreeRTOS/portable/MemMang/heap_4.o
 .text._cbSendSystemDesc
                0x0000000008003ca4       0x1c ThirdParty/SEGGER/Config/SEGGER_SYSVIEW_Config_FreeRTOS.o
 .text.SEGGER_SYSVIEW_Conf
                0x0000000008003cc0       0x2c ThirdParty/SEGGER/Config/SEGGER_SYSVIEW_Config_FreeRTOS.o
                0x0000000008003cc0                SEGGER_SYSVIEW_Conf
 .text._cbSendTaskList
                0x0000000008003cec       0x90 ThirdParty/SEGGER/OS/SEGGER_SYSVIEW_FreeRTOS.o
 .text._cbGetTime
                0x0000000008003d7c       0x76 ThirdParty/SEGGER/OS/SEGGER_SYSVIEW_FreeRTOS.o
 *fill*         0x0000000008003df2        0x2 
 .text.SYSVIEW_AddTask
                0x0000000008003df4       0xd0 ThirdParty/SEGGER/OS/SEGGER_SYSVIEW_FreeRTOS.o
                0x0000000008003df4                SYSVIEW_AddTask
 .text.SYSVIEW_SendTaskInfo
                0x0000000008003ec4       0x42 ThirdParty/SEGGER/OS/SEGGER_SYSVIEW_FreeRTOS.o
                0x0000000008003ec4                SYSVIEW_SendTaskInfo
 *fill*         0x0000000008003f06        0x2 
 .text._DoInit  0x0000000008003f08       0xb0 ThirdParty/SEGGER/SEGGER/SEGGER_RTT.o
 .text.SEGGER_RTT_ReadNoLock
                0x0000000008003fb8      0x10c ThirdParty/SEGGER/SEGGER/SEGGER_RTT.o
                0x0000000008003fb8                SEGGER_RTT_ReadNoLock
 .text.SEGGER_RTT_AllocUpBuffer
                0x00000000080040c4      0x108 ThirdParty/SEGGER/SEGGER/SEGGER_RTT.o
                0x00000000080040c4                SEGGER_RTT_AllocUpBuffer
 .text.SEGGER_RTT_ConfigDownBuffer
                0x00000000080041cc       0x98 ThirdParty/SEGGER/SEGGER/SEGGER_RTT.o
                0x00000000080041cc                SEGGER_RTT_ConfigDownBuffer
 .text._EncodeStr
                0x0000000008004264       0xa0 ThirdParty/SEGGER/SEGGER/SEGGER_SYSVIEW.o
 .text._PreparePacket
                0x0000000008004304       0x18 ThirdParty/SEGGER/SEGGER/SEGGER_SYSVIEW.o
 .text._HandleIncomingPacket
                0x000000000800431c       0xd8 ThirdParty/SEGGER/SEGGER/SEGGER_SYSVIEW.o
 .text._TrySendOverflowPacket
                0x00000000080043f4       0xe4 ThirdParty/SEGGER/SEGGER/SEGGER_SYSVIEW.o
 .text._SendPacket
                0x00000000080044d8      0x1cc ThirdParty/SEGGER/SEGGER/SEGGER_SYSVIEW.o
 .text._VPrintHost
                0x00000000080046a4      0x180 ThirdParty/SEGGER/SEGGER/SEGGER_SYSVIEW.o
 .text.SEGGER_SYSVIEW_Init
                0x0000000008004824       0x88 ThirdParty/SEGGER/SEGGER/SEGGER_SYSVIEW.o
                0x0000000008004824                SEGGER_SYSVIEW_Init
 .text.SEGGER_SYSVIEW_SetRAMBase
                0x00000000080048ac       0x20 ThirdParty/SEGGER/SEGGER/SEGGER_SYSVIEW.o
                0x00000000080048ac                SEGGER_SYSVIEW_SetRAMBase
 .text.SEGGER_SYSVIEW_RecordVoid
                0x00000000080048cc       0x3c ThirdParty/SEGGER/SEGGER/SEGGER_SYSVIEW.o
                0x00000000080048cc                SEGGER_SYSVIEW_RecordVoid
 .text.SEGGER_SYSVIEW_RecordU32
                0x0000000008004908       0x78 ThirdParty/SEGGER/SEGGER/SEGGER_SYSVIEW.o
                0x0000000008004908                SEGGER_SYSVIEW_RecordU32
 .text.SEGGER_SYSVIEW_RecordU32x2
                0x0000000008004980       0xb4 ThirdParty/SEGGER/SEGGER/SEGGER_SYSVIEW.o
                0x0000000008004980                SEGGER_SYSVIEW_RecordU32x2
 .text.SEGGER_SYSVIEW_Start
                0x0000000008004a34      0x174 ThirdParty/SEGGER/SEGGER/SEGGER_SYSVIEW.o
                0x0000000008004a34                SEGGER_SYSVIEW_Start
 .text.SEGGER_SYSVIEW_Stop
                0x0000000008004ba8       0x4c ThirdParty/SEGGER/SEGGER/SEGGER_SYSVIEW.o
                0x0000000008004ba8                SEGGER_SYSVIEW_Stop
 .text.SEGGER_SYSVIEW_GetSysDesc
                0x0000000008004bf4      0x134 ThirdParty/SEGGER/SEGGER/SEGGER_SYSVIEW.o
                0x0000000008004bf4                SEGGER_SYSVIEW_GetSysDesc
 .text.SEGGER_SYSVIEW_SendTaskInfo
                0x0000000008004d28      0x1c8 ThirdParty/SEGGER/SEGGER/SEGGER_SYSVIEW.o
                0x0000000008004d28                SEGGER_SYSVIEW_SendTaskInfo
 .text.SEGGER_SYSVIEW_SendTaskList
                0x0000000008004ef0       0x28 ThirdParty/SEGGER/SEGGER/SEGGER_SYSVIEW.o
                0x0000000008004ef0                SEGGER_SYSVIEW_SendTaskList
 .text.SEGGER_SYSVIEW_SendSysDesc
                0x0000000008004f18       0x48 ThirdParty/SEGGER/SEGGER/SEGGER_SYSVIEW.o
                0x0000000008004f18                SEGGER_SYSVIEW_SendSysDesc
 .text.SEGGER_SYSVIEW_RecordSystime
                0x0000000008004f60       0x60 ThirdParty/SEGGER/SEGGER/SEGGER_SYSVIEW.o
                0x0000000008004f60                SEGGER_SYSVIEW_RecordSystime
 .text.SEGGER_SYSVIEW_RecordEnterISR
                0x0000000008004fc0       0x84 ThirdParty/SEGGER/SEGGER/SEGGER_SYSVIEW.o
                0x0000000008004fc0                SEGGER_SYSVIEW_RecordEnterISR
 .text.SEGGER_SYSVIEW_RecordExitISR
                0x0000000008005044       0x38 ThirdParty/SEGGER/SEGGER/SEGGER_SYSVIEW.o
                0x0000000008005044                SEGGER_SYSVIEW_RecordExitISR
 .text.SEGGER_SYSVIEW_RecordExitISRToScheduler
                0x000000000800507c       0x38 ThirdParty/SEGGER/SEGGER/SEGGER_SYSVIEW.o
                0x000000000800507c                SEGGER_SYSVIEW_RecordExitISRToScheduler
 .text.SEGGER_SYSVIEW_OnIdle
                0x00000000080050b4       0x38 ThirdParty/SEGGER/SEGGER/SEGGER_SYSVIEW.o
                0x00000000080050b4                SEGGER_SYSVIEW_OnIdle
 .text.SEGGER_SYSVIEW_OnTaskCreate
                0x00000000080050ec       0x84 ThirdParty/SEGGER/SEGGER/SEGGER_SYSVIEW.o
                0x00000000080050ec                SEGGER_SYSVIEW_OnTaskCreate
 .text.SEGGER_SYSVIEW_OnTaskStartExec
                0x0000000008005170       0x84 ThirdParty/SEGGER/SEGGER/SEGGER_SYSVIEW.o
                0x0000000008005170                SEGGER_SYSVIEW_OnTaskStartExec
 .text.SEGGER_SYSVIEW_OnTaskStartReady
                0x00000000080051f4       0x84 ThirdParty/SEGGER/SEGGER/SEGGER_SYSVIEW.o
                0x00000000080051f4                SEGGER_SYSVIEW_OnTaskStartReady
 .text.SEGGER_SYSVIEW_OnTaskStopReady
                0x0000000008005278       0xc0 ThirdParty/SEGGER/SEGGER/SEGGER_SYSVIEW.o
                0x0000000008005278                SEGGER_SYSVIEW_OnTaskStopReady
 .text.SEGGER_SYSVIEW_SendModule
                0x0000000008005338      0x100 ThirdParty/SEGGER/SEGGER/SEGGER_SYSVIEW.o
                0x0000000008005338                SEGGER_SYSVIEW_SendModule
 .text.SEGGER_SYSVIEW_SendModuleDescription
                0x0000000008005438       0x3c ThirdParty/SEGGER/SEGGER/SEGGER_SYSVIEW.o
                0x0000000008005438                SEGGER_SYSVIEW_SendModuleDescription
 .text.SEGGER_SYSVIEW_SendNumModules
                0x0000000008005474       0x7c ThirdParty/SEGGER/SEGGER/SEGGER_SYSVIEW.o
                0x0000000008005474                SEGGER_SYSVIEW_SendNumModules
 .text.SEGGER_SYSVIEW_PrintfHost
                0x00000000080054f0       0x28 ThirdParty/SEGGER/SEGGER/SEGGER_SYSVIEW.o
                0x00000000080054f0                SEGGER_SYSVIEW_PrintfHost
 .text.SEGGER_SYSVIEW_Warn
                0x0000000008005518       0xb8 ThirdParty/SEGGER/SEGGER/SEGGER_SYSVIEW.o
                0x0000000008005518                SEGGER_SYSVIEW_Warn
 .text.__libc_init_array
                0x00000000080055d0       0x48 e:/st/stm32cubeide_1.4.0/stm32cubeide/plugins/com.st.stm32cube.ide.mcu.externaltools.gnu-tools-for-stm32.7-2018-q2-update.win32_1.4.0.202007081208/tools/bin/../lib/gcc/arm-none-eabi/7.3.1/../../../../arm-none-eabi/lib/thumb/v7e-m/fpv4-sp/hard\libc_nano.a(lib_a-init.o)
                0x00000000080055d0                __libc_init_array
 .text.memcmp   0x0000000008005618       0x1e e:/st/stm32cubeide_1.4.0/stm32cubeide/plugins/com.st.stm32cube.ide.mcu.externaltools.gnu-tools-for-stm32.7-2018-q2-update.win32_1.4.0.202007081208/tools/bin/../lib/gcc/arm-none-eabi/7.3.1/../../../../arm-none-eabi/lib/thumb/v7e-m/fpv4-sp/hard\libc_nano.a(lib_a-memcmp.o)
                0x0000000008005618                memcmp
 .text.memcpy   0x0000000008005636       0x16 e:/st/stm32cubeide_1.4.0/stm32cubeide/plugins/com.st.stm32cube.ide.mcu.externaltools.gnu-tools-for-stm32.7-2018-q2-update.win32_1.4.0.202007081208/tools/bin/../lib/gcc/arm-none-eabi/7.3.1/../../../../arm-none-eabi/lib/thumb/v7e-m/fpv4-sp/hard\libc_nano.a(lib_a-memcpy-stub.o)
                0x0000000008005636                memcpy
 .text.memset   0x000000000800564c       0x10 e:/st/stm32cubeide_1.4.0/stm32cubeide/plugins/com.st.stm32cube.ide.mcu.externaltools.gnu-tools-for-stm32.7-2018-q2-update.win32_1.4.0.202007081208/tools/bin/../lib/gcc/arm-none-eabi/7.3.1/../../../../arm-none-eabi/lib/thumb/v7e-m/fpv4-sp/hard\libc_nano.a(lib_a-memset.o)
                0x000000000800564c                memset
 *(.glue_7)
 .glue_7        0x000000000800565c        0x0 linker stubs
 *(.glue_7t)
 .glue_7t       0x000000000800565c        0x0 linker stubs
 *(.eh_frame)
 .eh_frame      0x000000000800565c        0x0 e:/st/stm32cubeide_1.4.0/stm32cubeide/plugins/com.st.stm32cube.ide.mcu.externaltools.gnu-tools-for-stm32.7-2018-q2-update.win32_1.4.0.202007081208/tools/bin/../lib/gcc/arm-none-eabi/7.3.1/thumb/v7e-m/fpv4-sp/hard/crtbegin.o
 *(.init)
 .init          0x000000000800565c        0x4 e:/st/stm32cubeide_1.4.0/stm32cubeide/plugins/com.st.stm32cube.ide.mcu.externaltools.gnu-tools-for-stm32.7-2018-q2-update.win32_1.4.0.202007081208/tools/bin/../lib/gcc/arm-none-eabi/7.3.1/thumb/v7e-m/fpv4-sp/hard/crti.o
                0x000000000800565c                _init
 .init          0x0000000008005660        0x8 e:/st/stm32cubeide_1.4.0/stm32cubeide/plugins/com.st.stm32cube.ide.mcu.externaltools.gnu-tools-for-stm32.7-2018-q2-update.win32_1.4.0.202007081208/tools/bin/../lib/gcc/arm-none-eabi/7.3.1/thumb/v7e-m/fpv4-sp/hard/crtn.o
 *(.fini)
 .fini          0x0000000008005668        0x4 e:/st/stm32cubeide_1.4.0/stm32cubeide/plugins/com.st.stm32cube.ide.mcu.externaltools.gnu-tools-for-stm32.7-2018-q2-update.win32_1.4.0.202007081208/tools/bin/../lib/gcc/arm-none-eabi/7.3.1/thumb/v7e-m/fpv4-sp/hard/crti.o
                0x0000000008005668                _fini
 .fini          0x000000000800566c        0x8 e:/st/stm32cubeide_1.4.0/stm32cubeide/plugins/com.st.stm32cube.ide.mcu.externaltools.gnu-tools-for-stm32.7-2018-q2-update.win32_1.4.0.202007081208/tools/bin/../lib/gcc/arm-none-eabi/7.3.1/thumb/v7e-m/fpv4-sp/hard/crtn.o
                0x0000000008005674                . = ALIGN (0x4)
                0x0000000008005674                _etext = .

.vfp11_veneer   0x0000000008005674        0x0
 .vfp11_veneer  0x0000000008005674        0x0 linker stubs

.v4_bx          0x0000000008005674        0x0
 .v4_bx         0x0000000008005674        0x0 linker stubs

.iplt           0x0000000008005674        0x0
 .iplt          0x0000000008005674        0x0 e:/st/stm32cubeide_1.4.0/stm32cubeide/plugins/com.st.stm32cube.ide.mcu.externaltools.gnu-tools-for-stm32.7-2018-q2-update.win32_1.4.0.202007081208/tools/bin/../lib/gcc/arm-none-eabi/7.3.1/thumb/v7e-m/fpv4-sp/hard/crtbegin.o

.rodata         0x0000000008005674      0x14c
                0x0000000008005674                . = ALIGN (0x4)
 *(.rodata)
 .rodata        0x0000000008005674       0x6a Core/Src/main.o
 *fill*         0x00000000080056de        0x2 
 .rodata        0x00000000080056e0        0x5 ThirdParty/FreeRTOS/tasks.o
 *fill*         0x00000000080056e5        0x3 
 .rodata        0x00000000080056e8       0x31 ThirdParty/SEGGER/Config/SEGGER_SYSVIEW_Config_FreeRTOS.o
 *fill*         0x0000000008005719        0x3 
 .rodata        0x000000000800571c       0x58 ThirdParty/SEGGER/OS/SEGGER_SYSVIEW_FreeRTOS.o
 .rodata        0x0000000008005774       0x17 ThirdParty/SEGGER/SEGGER/SEGGER_RTT.o
 *fill*         0x000000000800578b        0x1 
 .rodata        0x000000000800578c        0x8 ThirdParty/SEGGER/SEGGER/SEGGER_SYSVIEW.o
 *(.rodata*)
 .rodata.AHBPrescTable
                0x0000000008005794       0x10 Core/Src/system_stm32f7xx.o
                0x0000000008005794                AHBPrescTable
 .rodata.APBPrescTable
                0x00000000080057a4        0x8 Core/Src/system_stm32f7xx.o
                0x00000000080057a4                APBPrescTable
 .rodata.SYSVIEW_X_OS_TraceAPI
                0x00000000080057ac        0x8 ThirdParty/SEGGER/OS/SEGGER_SYSVIEW_FreeRTOS.o
                0x00000000080057ac                SYSVIEW_X_OS_TraceAPI
 .rodata._abSync
                0x00000000080057b4        0xa ThirdParty/SEGGER/SEGGER/SEGGER_SYSVIEW.o
                0x00000000080057c0                . = ALIGN (0x4)
 *fill*         0x00000000080057be        0x2 

.ARM.extab      0x00000000080057c0        0x0
                0x00000000080057c0                . = ALIGN (0x4)
 *(.ARM.extab* .gnu.linkonce.armextab.*)
                0x00000000080057c0                . = ALIGN (0x4)

.ARM            0x00000000080057c0        0x8
                0x00000000080057c0                . = ALIGN (0x4)
                0x00000000080057c0                __exidx_start = .
 *(.ARM.exidx*)
 .ARM.exidx     0x00000000080057c0        0x8 e:/st/stm32cubeide_1.4.0/stm32cubeide/plugins/com.st.stm32cube.ide.mcu.externaltools.gnu-tools-for-stm32.7-2018-q2-update.win32_1.4.0.202007081208/tools/bin/../lib/gcc/arm-none-eabi/7.3.1/thumb/v7e-m/fpv4-sp/hard\libgcc.a(_udivmoddi4.o)
                0x00000000080057c8                __exidx_end = .
                0x00000000080057c8                . = ALIGN (0x4)

.rel.dyn        0x00000000080057c8        0x0
 .rel.iplt      0x00000000080057c8        0x0 e:/st/stm32cubeide_1.4.0/stm32cubeide/plugins/com.st.stm32cube.ide.mcu.externaltools.gnu-tools-for-stm32.7-2018-q2-update.win32_1.4.0.202007081208/tools/bin/../lib/gcc/arm-none-eabi/7.3.1/thumb/v7e-m/fpv4-sp/hard/crtbegin.o

.preinit_array  0x00000000080057c8        0x0
                0x00000000080057c8                . = ALIGN (0x4)
                0x00000000080057c8                PROVIDE (__preinit_array_start = .)
 *(.preinit_array*)
                0x00000000080057c8                PROVIDE (__preinit_array_end = .)
                0x00000000080057c8                . = ALIGN (0x4)

.init_array     0x00000000080057c8        0x4
                0x00000000080057c8                . = ALIGN (0x4)
                0x00000000080057c8                PROVIDE (__init_array_start = .)
 *(SORT_BY_NAME(.init_array.*))
 *(.init_array*)
 .init_array    0x00000000080057c8        0x4 e:/st/stm32cubeide_1.4.0/stm32cubeide/plugins/com.st.stm32cube.ide.mcu.externaltools.gnu-tools-for-stm32.7-2018-q2-update.win32_1.4.0.202007081208/tools/bin/../lib/gcc/arm-none-eabi/7.3.1/thumb/v7e-m/fpv4-sp/hard/crtbegin.o
                0x00000000080057cc                PROVIDE (__init_array_end = .)
                0x00000000080057cc                . = ALIGN (0x4)

.fini_array     0x00000000080057cc        0x4
                0x00000000080057cc                . = ALIGN (0x4)
                [!provide]                        PROVIDE (__fini_array_start = .)
 *(SORT_BY_NAME(.fini_array.*))
 *(.fini_array*)
 .fini_array    0x00000000080057cc        0x4 e:/st/stm32cubeide_1.4.0/stm32cubeide/plugins/com.st.stm32cube.ide.mcu.externaltools.gnu-tools-for-stm32.7-2018-q2-update.win32_1.4.0.202007081208/tools/bin/../lib/gcc/arm-none-eabi/7.3.1/thumb/v7e-m/fpv4-sp/hard/crtbegin.o
                [!provide]                        PROVIDE (__fini_array_end = .)
                0x00000000080057d0                . = ALIGN (0x4)
                0x00000000080057d0                _sidata = LOADADDR (.data)

.data           0x0000000020000000       0x14 load address 0x00000000080057d0
                0x0000000020000000                . = ALIGN (0x4)
                0x0000000020000000                _sdata = .
 *(.data)
 *(.data*)
 .data.SystemCoreClock
                0x0000000020000000        0x4 Core/Src/system_stm32f7xx.o
                0x0000000020000000                SystemCoreClock
 .data.uwTickPrio
                0x0000000020000004        0x4 Drivers/STM32F7xx_HAL_Driver/Src/stm32f7xx_hal.o
                0x0000000020000004                uwTickPrio
 .data.uwTickFreq
                0x0000000020000008        0x1 Drivers/STM32F7xx_HAL_Driver/Src/stm32f7xx_hal.o
                0x0000000020000008                uwTickFreq
 *fill*         0x0000000020000009        0x3 
 .data.uxTopUsedPriority
                0x000000002000000c        0x4 ThirdParty/FreeRTOS/tasks.o
                0x000000002000000c                uxTopUsedPriority
 .data.uxCriticalNesting
                0x0000000020000010        0x4 ThirdParty/FreeRTOS/portable/GCC/ARM_CM7/r0p1/port.o
                0x0000000020000014                . = ALIGN (0x4)
                0x0000000020000014                _edata = .

.igot.plt       0x0000000020000014        0x0 load address 0x00000000080057e4
 .igot.plt      0x0000000020000014        0x0 e:/st/stm32cubeide_1.4.0/stm32cubeide/plugins/com.st.stm32cube.ide.mcu.externaltools.gnu-tools-for-stm32.7-2018-q2-update.win32_1.4.0.202007081208/tools/bin/../lib/gcc/arm-none-eabi/7.3.1/thumb/v7e-m/fpv4-sp/hard/crtbegin.o
                0x0000000020000014                . = ALIGN (0x4)

.bss            0x0000000020000014    0x14410 load address 0x00000000080057e4
                0x0000000020000014                _sbss = .
                0x0000000020000014                __bss_start__ = _sbss
 *(.bss)
 .bss           0x0000000020000014       0x1c e:/st/stm32cubeide_1.4.0/stm32cubeide/plugins/com.st.stm32cube.ide.mcu.externaltools.gnu-tools-for-stm32.7-2018-q2-update.win32_1.4.0.202007081208/tools/bin/../lib/gcc/arm-none-eabi/7.3.1/thumb/v7e-m/fpv4-sp/hard/crtbegin.o
 *(.bss*)
 .bss.pxCurrentTCB
                0x0000000020000030        0x4 ThirdParty/FreeRTOS/tasks.o
                0x0000000020000030                pxCurrentTCB
 .bss.pxReadyTasksLists
                0x0000000020000034       0x64 ThirdParty/FreeRTOS/tasks.o
 .bss.xDelayedTaskList1
                0x0000000020000098       0x14 ThirdParty/FreeRTOS/tasks.o
 .bss.xDelayedTaskList2
                0x00000000200000ac       0x14 ThirdParty/FreeRTOS/tasks.o
 .bss.pxDelayedTaskList
                0x00000000200000c0        0x4 ThirdParty/FreeRTOS/tasks.o
 .bss.pxOverflowDelayedTaskList
                0x00000000200000c4        0x4 ThirdParty/FreeRTOS/tasks.o
 .bss.xPendingReadyList
                0x00000000200000c8       0x14 ThirdParty/FreeRTOS/tasks.o
 .bss.xTasksWaitingTermination
                0x00000000200000dc       0x14 ThirdParty/FreeRTOS/tasks.o
 .bss.uxDeletedTasksWaitingCleanUp
                0x00000000200000f0        0x4 ThirdParty/FreeRTOS/tasks.o
 .bss.xSuspendedTaskList
                0x00000000200000f4       0x14 ThirdParty/FreeRTOS/tasks.o
 .bss.uxCurrentNumberOfTasks
                0x0000000020000108        0x4 ThirdParty/FreeRTOS/tasks.o
 .bss.xTickCount
                0x000000002000010c        0x4 ThirdParty/FreeRTOS/tasks.o
 .bss.uxTopReadyPriority
                0x0000000020000110        0x4 ThirdParty/FreeRTOS/tasks.o
 .bss.xSchedulerRunning
                0x0000000020000114        0x4 ThirdParty/FreeRTOS/tasks.o
 .bss.xPendedTicks
                0x0000000020000118        0x4 ThirdParty/FreeRTOS/tasks.o
 .bss.xYieldPending
                0x000000002000011c        0x4 ThirdParty/FreeRTOS/tasks.o
 .bss.xNumOfOverflows
                0x0000000020000120        0x4 ThirdParty/FreeRTOS/tasks.o
 .bss.uxTaskNumber
                0x0000000020000124        0x4 ThirdParty/FreeRTOS/tasks.o
 .bss.xNextTaskUnblockTime
                0x0000000020000128        0x4 ThirdParty/FreeRTOS/tasks.o
 .bss.xIdleTaskHandle
                0x000000002000012c        0x4 ThirdParty/FreeRTOS/tasks.o
 .bss.uxSchedulerSuspended
                0x0000000020000130        0x4 ThirdParty/FreeRTOS/tasks.o
 .bss.ucMaxSysCallPriority
                0x0000000020000134        0x1 ThirdParty/FreeRTOS/portable/GCC/ARM_CM7/r0p1/port.o
 *fill*         0x0000000020000135        0x3 
 .bss.ulMaxPRIGROUPValue
                0x0000000020000138        0x4 ThirdParty/FreeRTOS/portable/GCC/ARM_CM7/r0p1/port.o
 .bss.ucHeap    0x000000002000013c    0x12c00 ThirdParty/FreeRTOS/portable/MemMang/heap_4.o
 .bss.xStart    0x0000000020012d3c        0x8 ThirdParty/FreeRTOS/portable/MemMang/heap_4.o
 .bss.pxEnd     0x0000000020012d44        0x4 ThirdParty/FreeRTOS/portable/MemMang/heap_4.o
 .bss.xFreeBytesRemaining
                0x0000000020012d48        0x4 ThirdParty/FreeRTOS/portable/MemMang/heap_4.o
 .bss.xMinimumEverFreeBytesRemaining
                0x0000000020012d4c        0x4 ThirdParty/FreeRTOS/portable/MemMang/heap_4.o
 .bss.xNumberOfSuccessfulAllocations
                0x0000000020012d50        0x4 ThirdParty/FreeRTOS/portable/MemMang/heap_4.o
 .bss.xNumberOfSuccessfulFrees
                0x0000000020012d54        0x4 ThirdParty/FreeRTOS/portable/MemMang/heap_4.o
 .bss.xBlockAllocatedBit
                0x0000000020012d58        0x4 ThirdParty/FreeRTOS/portable/MemMang/heap_4.o
 .bss._aTasks   0x0000000020012d5c       0xa0 ThirdParty/SEGGER/OS/SEGGER_SYSVIEW_FreeRTOS.o
 .bss._NumTasks
                0x0000000020012dfc        0x4 ThirdParty/SEGGER/OS/SEGGER_SYSVIEW_FreeRTOS.o
 .bss._acUpBuffer
                0x0000000020012e00      0x400 ThirdParty/SEGGER/SEGGER/SEGGER_RTT.o
 .bss._acDownBuffer
                0x0000000020013200       0x10 ThirdParty/SEGGER/SEGGER/SEGGER_RTT.o
 .bss._UpBuffer
                0x0000000020013210     0x1000 ThirdParty/SEGGER/SEGGER/SEGGER_SYSVIEW.o
 .bss._DownBuffer
                0x0000000020014210        0x8 ThirdParty/SEGGER/SEGGER/SEGGER_SYSVIEW.o
 .bss._SYSVIEW_Globals
                0x0000000020014218       0x28 ThirdParty/SEGGER/SEGGER/SEGGER_SYSVIEW.o
 .bss._pFirstModule
                0x0000000020014240        0x4 ThirdParty/SEGGER/SEGGER/SEGGER_SYSVIEW.o
 .bss._NumModules
                0x0000000020014244        0x1 ThirdParty/SEGGER/SEGGER/SEGGER_SYSVIEW.o
 *fill*         0x0000000020014245        0x3 
 .bss._aPacket  0x0000000020014248       0xe3 ThirdParty/SEGGER/SEGGER/SEGGER_SYSVIEW.o
 *(COMMON)
 *fill*         0x000000002001432b        0x1 
 COMMON         0x000000002001432c       0x4c Core/Src/stm32f7xx_hal_timebase_tim.o
                0x000000002001432c                htim6
 COMMON         0x0000000020014378        0x4 Drivers/STM32F7xx_HAL_Driver/Src/stm32f7xx_hal.o
                0x0000000020014378                uwTick
 COMMON         0x000000002001437c       0xa8 ThirdParty/SEGGER/SEGGER/SEGGER_RTT.o
                0x000000002001437c                _SEGGER_RTT
                0x0000000020014424                . = ALIGN (0x4)
                0x0000000020014424                _ebss = .
                0x0000000020014424                __bss_end__ = _ebss

._user_heap_stack
                0x0000000020014424      0x604 load address 0x00000000080057e4
                0x0000000020014428                . = ALIGN (0x8)
 *fill*         0x0000000020014424        0x4 
                [!provide]                        PROVIDE (end = .)
                [!provide]                        PROVIDE (_end = .)
                0x0000000020014628                . = (. + _Min_Heap_Size)
 *fill*         0x0000000020014428      0x200 
                0x0000000020014a28                . = (. + _Min_Stack_Size)
 *fill*         0x0000000020014628      0x400 
                0x0000000020014a28                . = ALIGN (0x8)

/DISCARD/
 libc.a(*)
 libm.a(*)
 libgcc.a(*)

.ARM.attributes
                0x0000000000000000       0x30
 *(.ARM.attributes)
 .ARM.attributes
                0x0000000000000000       0x22 e:/st/stm32cubeide_1.4.0/stm32cubeide/plugins/com.st.stm32cube.ide.mcu.externaltools.gnu-tools-for-stm32.7-2018-q2-update.win32_1.4.0.202007081208/tools/bin/../lib/gcc/arm-none-eabi/7.3.1/thumb/v7e-m/fpv4-sp/hard/crti.o
 .ARM.attributes
                0x0000000000000022       0x34 e:/st/stm32cubeide_1.4.0/stm32cubeide/plugins/com.st.stm32cube.ide.mcu.externaltools.gnu-tools-for-stm32.7-2018-q2-update.win32_1.4.0.202007081208/tools/bin/../lib/gcc/arm-none-eabi/7.3.1/thumb/v7e-m/fpv4-sp/hard/crtbegin.o
 .ARM.attributes
                0x0000000000000056       0x39 Core/Src/main.o
 .ARM.attributes
                0x000000000000008f       0x39 Core/Src/stm32f7xx_hal_msp.o
 .ARM.attributes
                0x00000000000000c8       0x39 Core/Src/stm32f7xx_hal_timebase_tim.o
 .ARM.attributes
                0x0000000000000101       0x39 Core/Src/stm32f7xx_it.o
 .ARM.attributes
                0x000000000000013a       0x39 Core/Src/system_stm32f7xx.o
 .ARM.attributes
                0x0000000000000173       0x21 Core/Startup/startup_stm32f746nghx.o
 .ARM.attributes
                0x0000000000000194       0x39 Drivers/STM32F7xx_HAL_Driver/Src/stm32f7xx_hal.o
 .ARM.attributes
                0x00000000000001cd       0x39 Drivers/STM32F7xx_HAL_Driver/Src/stm32f7xx_hal_cortex.o
 .ARM.attributes
                0x0000000000000206       0x39 Drivers/STM32F7xx_HAL_Driver/Src/stm32f7xx_hal_gpio.o
 .ARM.attributes
                0x000000000000023f       0x39 Drivers/STM32F7xx_HAL_Driver/Src/stm32f7xx_hal_rcc.o
 .ARM.attributes
                0x0000000000000278       0x39 Drivers/STM32F7xx_HAL_Driver/Src/stm32f7xx_hal_tim.o
 .ARM.attributes
                0x00000000000002b1       0x39 Drivers/STM32F7xx_HAL_Driver/Src/stm32f7xx_hal_tim_ex.o
 .ARM.attributes
                0x00000000000002ea       0x39 ThirdParty/FreeRTOS/list.o
 .ARM.attributes
                0x0000000000000323       0x39 ThirdParty/FreeRTOS/tasks.o
 .ARM.attributes
                0x000000000000035c       0x39 ThirdParty/FreeRTOS/portable/GCC/ARM_CM7/r0p1/port.o
 .ARM.attributes
                0x0000000000000395       0x39 ThirdParty/FreeRTOS/portable/MemMang/heap_4.o
 .ARM.attributes
                0x00000000000003ce       0x39 ThirdParty/SEGGER/Config/SEGGER_SYSVIEW_Config_FreeRTOS.o
 .ARM.attributes
                0x0000000000000407       0x39 ThirdParty/SEGGER/OS/SEGGER_SYSVIEW_FreeRTOS.o
 .ARM.attributes
                0x0000000000000440       0x39 ThirdParty/SEGGER/SEGGER/SEGGER_RTT.o
 .ARM.attributes
                0x0000000000000479       0x25 ThirdParty/SEGGER/SEGGER/SEGGER_RTT_ASM_ARMv7M.o
 .ARM.attributes
                0x000000000000049e       0x39 ThirdParty/SEGGER/SEGGER/SEGGER_SYSVIEW.o
 .ARM.attributes
                0x00000000000004d7       0x34 e:/st/stm32cubeide_1.4.0/stm32cubeide/plugins/com.st.stm32cube.ide.mcu.externaltools.gnu-tools-for-stm32.7-2018-q2-update.win32_1.4.0.202007081208/tools/bin/../lib/gcc/arm-none-eabi/7.3.1/../../../../arm-none-eabi/lib/thumb/v7e-m/fpv4-sp/hard\libc_nano.a(lib_a-init.o)
 .ARM.attributes
                0x000000000000050b       0x34 e:/st/stm32cubeide_1.4.0/stm32cubeide/plugins/com.st.stm32cube.ide.mcu.externaltools.gnu-tools-for-stm32.7-2018-q2-update.win32_1.4.0.202007081208/tools/bin/../lib/gcc/arm-none-eabi/7.3.1/../../../../arm-none-eabi/lib/thumb/v7e-m/fpv4-sp/hard\libc_nano.a(lib_a-memcmp.o)
 .ARM.attributes
                0x000000000000053f       0x34 e:/st/stm32cubeide_1.4.0/stm32cubeide/plugins/com.st.stm32cube.ide.mcu.externaltools.gnu-tools-for-stm32.7-2018-q2-update.win32_1.4.0.202007081208/tools/bin/../lib/gcc/arm-none-eabi/7.3.1/../../../../arm-none-eabi/lib/thumb/v7e-m/fpv4-sp/hard\libc_nano.a(lib_a-memcpy-stub.o)
 .ARM.attributes
                0x0000000000000573       0x34 e:/st/stm32cubeide_1.4.0/stm32cubeide/plugins/com.st.stm32cube.ide.mcu.externaltools.gnu-tools-for-stm32.7-2018-q2-update.win32_1.4.0.202007081208/tools/bin/../lib/gcc/arm-none-eabi/7.3.1/../../../../arm-none-eabi/lib/thumb/v7e-m/fpv4-sp/hard\libc_nano.a(lib_a-memset.o)
 .ARM.attributes
                0x00000000000005a7       0x22 e:/st/stm32cubeide_1.4.0/stm32cubeide/plugins/com.st.stm32cube.ide.mcu.externaltools.gnu-tools-for-stm32.7-2018-q2-update.win32_1.4.0.202007081208/tools/bin/../lib/gcc/arm-none-eabi/7.3.1/thumb/v7e-m/fpv4-sp/hard\libgcc.a(_aeabi_uldivmod.o)
 .ARM.attributes
                0x00000000000005c9       0x34 e:/st/stm32cubeide_1.4.0/stm32cubeide/plugins/com.st.stm32cube.ide.mcu.externaltools.gnu-tools-for-stm32.7-2018-q2-update.win32_1.4.0.202007081208/tools/bin/../lib/gcc/arm-none-eabi/7.3.1/thumb/v7e-m/fpv4-sp/hard\libgcc.a(_udivmoddi4.o)
 .ARM.attributes
                0x00000000000005fd       0x22 e:/st/stm32cubeide_1.4.0/stm32cubeide/plugins/com.st.stm32cube.ide.mcu.externaltools.gnu-tools-for-stm32.7-2018-q2-update.win32_1.4.0.202007081208/tools/bin/../lib/gcc/arm-none-eabi/7.3.1/thumb/v7e-m/fpv4-sp/hard\libgcc.a(_dvmd_tls.o)
 .ARM.attributes
                0x000000000000061f       0x22 e:/st/stm32cubeide_1.4.0/stm32cubeide/plugins/com.st.stm32cube.ide.mcu.externaltools.gnu-tools-for-stm32.7-2018-q2-update.win32_1.4.0.202007081208/tools/bin/../lib/gcc/arm-none-eabi/7.3.1/thumb/v7e-m/fpv4-sp/hard/crtn.o
OUTPUT(C1.elf elf32-littlearm)

.debug_info     0x0000000000000000    0x14c07
 .debug_info    0x0000000000000000     0x1729 Core/Src/main.o
 .debug_info    0x0000000000001729      0x3a6 Core/Src/stm32f7xx_hal_msp.o
 .debug_info    0x0000000000001acf      0xc9c Core/Src/stm32f7xx_hal_timebase_tim.o
 .debug_info    0x000000000000276b      0x7a0 Core/Src/stm32f7xx_it.o
 .debug_info    0x0000000000002f0b      0x73d Core/Src/system_stm32f7xx.o
 .debug_info    0x0000000000003648       0x22 Core/Startup/startup_stm32f746nghx.o
 .debug_info    0x000000000000366a      0x9d3 Drivers/STM32F7xx_HAL_Driver/Src/stm32f7xx_hal.o
 .debug_info    0x000000000000403d     0x104a Drivers/STM32F7xx_HAL_Driver/Src/stm32f7xx_hal_cortex.o
 .debug_info    0x0000000000005087      0x7eb Drivers/STM32F7xx_HAL_Driver/Src/stm32f7xx_hal_gpio.o
 .debug_info    0x0000000000005872      0x935 Drivers/STM32F7xx_HAL_Driver/Src/stm32f7xx_hal_rcc.o
 .debug_info    0x00000000000061a7     0x2945 Drivers/STM32F7xx_HAL_Driver/Src/stm32f7xx_hal_tim.o
 .debug_info    0x0000000000008aec     0x14cd Drivers/STM32F7xx_HAL_Driver/Src/stm32f7xx_hal_tim_ex.o
 .debug_info    0x0000000000009fb9      0xae1 ThirdParty/FreeRTOS/list.o
 .debug_info    0x000000000000aa9a     0x2975 ThirdParty/FreeRTOS/tasks.o
 .debug_info    0x000000000000d40f      0x56c ThirdParty/FreeRTOS/portable/GCC/ARM_CM7/r0p1/port.o
 .debug_info    0x000000000000d97b      0xd03 ThirdParty/FreeRTOS/portable/MemMang/heap_4.o
 .debug_info    0x000000000000e67e      0x125 ThirdParty/SEGGER/Config/SEGGER_SYSVIEW_Config_FreeRTOS.o
 .debug_info    0x000000000000e7a3      0xb92 ThirdParty/SEGGER/OS/SEGGER_SYSVIEW_FreeRTOS.o
 .debug_info    0x000000000000f335     0x1c1b ThirdParty/SEGGER/SEGGER/SEGGER_RTT.o
 .debug_info    0x0000000000010f50       0x26 ThirdParty/SEGGER/SEGGER/SEGGER_RTT_ASM_ARMv7M.o
 .debug_info    0x0000000000010f76     0x3c91 ThirdParty/SEGGER/SEGGER/SEGGER_SYSVIEW.o

.debug_abbrev   0x0000000000000000     0x2771
 .debug_abbrev  0x0000000000000000      0x2aa Core/Src/main.o
 .debug_abbrev  0x00000000000002aa      0x109 Core/Src/stm32f7xx_hal_msp.o
 .debug_abbrev  0x00000000000003b3      0x19d Core/Src/stm32f7xx_hal_timebase_tim.o
 .debug_abbrev  0x0000000000000550      0x15a Core/Src/stm32f7xx_it.o
 .debug_abbrev  0x00000000000006aa      0x147 Core/Src/system_stm32f7xx.o
 .debug_abbrev  0x00000000000007f1       0x12 Core/Startup/startup_stm32f746nghx.o
 .debug_abbrev  0x0000000000000803      0x1c7 Drivers/STM32F7xx_HAL_Driver/Src/stm32f7xx_hal.o
 .debug_abbrev  0x00000000000009ca      0x2fa Drivers/STM32F7xx_HAL_Driver/Src/stm32f7xx_hal_cortex.o
 .debug_abbrev  0x0000000000000cc4      0x1c9 Drivers/STM32F7xx_HAL_Driver/Src/stm32f7xx_hal_gpio.o
 .debug_abbrev  0x0000000000000e8d      0x21a Drivers/STM32F7xx_HAL_Driver/Src/stm32f7xx_hal_rcc.o
 .debug_abbrev  0x00000000000010a7      0x230 Drivers/STM32F7xx_HAL_Driver/Src/stm32f7xx_hal_tim.o
 .debug_abbrev  0x00000000000012d7      0x236 Drivers/STM32F7xx_HAL_Driver/Src/stm32f7xx_hal_tim_ex.o
 .debug_abbrev  0x000000000000150d      0x1cf ThirdParty/FreeRTOS/list.o
 .debug_abbrev  0x00000000000016dc      0x35d ThirdParty/FreeRTOS/tasks.o
 .debug_abbrev  0x0000000000001a39      0x205 ThirdParty/FreeRTOS/portable/GCC/ARM_CM7/r0p1/port.o
 .debug_abbrev  0x0000000000001c3e      0x29e ThirdParty/FreeRTOS/portable/MemMang/heap_4.o
 .debug_abbrev  0x0000000000001edc       0xb5 ThirdParty/SEGGER/Config/SEGGER_SYSVIEW_Config_FreeRTOS.o
 .debug_abbrev  0x0000000000001f91      0x1ed ThirdParty/SEGGER/OS/SEGGER_SYSVIEW_FreeRTOS.o
 .debug_abbrev  0x000000000000217e      0x2a7 ThirdParty/SEGGER/SEGGER/SEGGER_RTT.o
 .debug_abbrev  0x0000000000002425       0x14 ThirdParty/SEGGER/SEGGER/SEGGER_RTT_ASM_ARMv7M.o
 .debug_abbrev  0x0000000000002439      0x338 ThirdParty/SEGGER/SEGGER/SEGGER_SYSVIEW.o

.debug_aranges  0x0000000000000000     0x10f8
 .debug_aranges
                0x0000000000000000       0x58 Core/Src/main.o
 .debug_aranges
                0x0000000000000058       0x20 Core/Src/stm32f7xx_hal_msp.o
 .debug_aranges
                0x0000000000000078       0x30 Core/Src/stm32f7xx_hal_timebase_tim.o
 .debug_aranges
                0x00000000000000a8       0x50 Core/Src/stm32f7xx_it.o
 .debug_aranges
                0x00000000000000f8       0x28 Core/Src/system_stm32f7xx.o
 .debug_aranges
                0x0000000000000120       0x28 Core/Startup/startup_stm32f746nghx.o
 .debug_aranges
                0x0000000000000148      0x100 Drivers/STM32F7xx_HAL_Driver/Src/stm32f7xx_hal.o
 .debug_aranges
                0x0000000000000248      0x118 Drivers/STM32F7xx_HAL_Driver/Src/stm32f7xx_hal_cortex.o
 .debug_aranges
                0x0000000000000360       0x58 Drivers/STM32F7xx_HAL_Driver/Src/stm32f7xx_hal_gpio.o
 .debug_aranges
                0x00000000000003b8       0x88 Drivers/STM32F7xx_HAL_Driver/Src/stm32f7xx_hal_rcc.o
 .debug_aranges
                0x0000000000000440      0x3e0 Drivers/STM32F7xx_HAL_Driver/Src/stm32f7xx_hal_tim.o
 .debug_aranges
                0x0000000000000820      0x178 Drivers/STM32F7xx_HAL_Driver/Src/stm32f7xx_hal_tim_ex.o
 .debug_aranges
                0x0000000000000998       0x40 ThirdParty/FreeRTOS/list.o
 .debug_aranges
                0x00000000000009d8      0x1f8 ThirdParty/FreeRTOS/tasks.o
 .debug_aranges
                0x0000000000000bd0       0x88 ThirdParty/FreeRTOS/portable/GCC/ARM_CM7/r0p1/port.o
 .debug_aranges
                0x0000000000000c58       0x58 ThirdParty/FreeRTOS/portable/MemMang/heap_4.o
 .debug_aranges
                0x0000000000000cb0       0x28 ThirdParty/SEGGER/Config/SEGGER_SYSVIEW_Config_FreeRTOS.o
 .debug_aranges
                0x0000000000000cd8       0x48 ThirdParty/SEGGER/OS/SEGGER_SYSVIEW_FreeRTOS.o
 .debug_aranges
                0x0000000000000d20      0x138 ThirdParty/SEGGER/SEGGER/SEGGER_RTT.o
 .debug_aranges
                0x0000000000000e58       0x20 ThirdParty/SEGGER/SEGGER/SEGGER_RTT_ASM_ARMv7M.o
 .debug_aranges
                0x0000000000000e78      0x280 ThirdParty/SEGGER/SEGGER/SEGGER_SYSVIEW.o

.debug_ranges   0x0000000000000000      0xfa0
 .debug_ranges  0x0000000000000000       0x48 Core/Src/main.o
 .debug_ranges  0x0000000000000048       0x10 Core/Src/stm32f7xx_hal_msp.o
 .debug_ranges  0x0000000000000058       0x20 Core/Src/stm32f7xx_hal_timebase_tim.o
 .debug_ranges  0x0000000000000078       0x40 Core/Src/stm32f7xx_it.o
 .debug_ranges  0x00000000000000b8       0x18 Core/Src/system_stm32f7xx.o
 .debug_ranges  0x00000000000000d0       0x20 Core/Startup/startup_stm32f746nghx.o
 .debug_ranges  0x00000000000000f0       0xf0 Drivers/STM32F7xx_HAL_Driver/Src/stm32f7xx_hal.o
 .debug_ranges  0x00000000000001e0      0x108 Drivers/STM32F7xx_HAL_Driver/Src/stm32f7xx_hal_cortex.o
 .debug_ranges  0x00000000000002e8       0x48 Drivers/STM32F7xx_HAL_Driver/Src/stm32f7xx_hal_gpio.o
 .debug_ranges  0x0000000000000330       0x78 Drivers/STM32F7xx_HAL_Driver/Src/stm32f7xx_hal_rcc.o
 .debug_ranges  0x00000000000003a8      0x3d0 Drivers/STM32F7xx_HAL_Driver/Src/stm32f7xx_hal_tim.o
 .debug_ranges  0x0000000000000778      0x168 Drivers/STM32F7xx_HAL_Driver/Src/stm32f7xx_hal_tim_ex.o
 .debug_ranges  0x00000000000008e0       0x30 ThirdParty/FreeRTOS/list.o
 .debug_ranges  0x0000000000000910      0x1e8 ThirdParty/FreeRTOS/tasks.o
 .debug_ranges  0x0000000000000af8       0x78 ThirdParty/FreeRTOS/portable/GCC/ARM_CM7/r0p1/port.o
 .debug_ranges  0x0000000000000b70       0x48 ThirdParty/FreeRTOS/portable/MemMang/heap_4.o
 .debug_ranges  0x0000000000000bb8       0x18 ThirdParty/SEGGER/Config/SEGGER_SYSVIEW_Config_FreeRTOS.o
 .debug_ranges  0x0000000000000bd0       0x38 ThirdParty/SEGGER/OS/SEGGER_SYSVIEW_FreeRTOS.o
 .debug_ranges  0x0000000000000c08      0x128 ThirdParty/SEGGER/SEGGER/SEGGER_RTT.o
 .debug_ranges  0x0000000000000d30      0x270 ThirdParty/SEGGER/SEGGER/SEGGER_SYSVIEW.o

.debug_macro    0x0000000000000000    0x28082
 .debug_macro   0x0000000000000000      0x401 Core/Src/main.o
 .debug_macro   0x0000000000000401      0xa5a Core/Src/main.o
 .debug_macro   0x0000000000000e5b      0x28d Core/Src/main.o
 .debug_macro   0x00000000000010e8       0x2e Core/Src/main.o
 .debug_macro   0x0000000000001116       0x3b Core/Src/main.o
 .debug_macro   0x0000000000001151       0x22 Core/Src/main.o
 .debug_macro   0x0000000000001173       0x8e Core/Src/main.o
 .debug_macro   0x0000000000001201       0x51 Core/Src/main.o
 .debug_macro   0x0000000000001252       0xef Core/Src/main.o
 .debug_macro   0x0000000000001341       0x6a Core/Src/main.o
 .debug_macro   0x00000000000013ab      0x1df Core/Src/main.o
 .debug_macro   0x000000000000158a       0x1c Core/Src/main.o
 .debug_macro   0x00000000000015a6       0x22 Core/Src/main.o
 .debug_macro   0x00000000000015c8       0xdf Core/Src/main.o
 .debug_macro   0x00000000000016a7     0x12cd Core/Src/main.o
 .debug_macro   0x0000000000002974      0x11f Core/Src/main.o
 .debug_macro   0x0000000000002a93       0x19 Core/Src/main.o
 .debug_macro   0x0000000000002aac    0x191cb Core/Src/main.o
 .debug_macro   0x000000000001bc77       0x43 Core/Src/main.o
 .debug_macro   0x000000000001bcba     0x36c9 Core/Src/main.o
 .debug_macro   0x000000000001f383      0x174 Core/Src/main.o
 .debug_macro   0x000000000001f4f7       0x63 Core/Src/main.o
 .debug_macro   0x000000000001f55a     0x18ad Core/Src/main.o
 .debug_macro   0x0000000000020e07      0x6c4 Core/Src/main.o
 .debug_macro   0x00000000000214cb      0x185 Core/Src/main.o
 .debug_macro   0x0000000000021650      0x117 Core/Src/main.o
 .debug_macro   0x0000000000021767      0x1fe Core/Src/main.o
 .debug_macro   0x0000000000021965       0x27 Core/Src/main.o
 .debug_macro   0x000000000002198c      0x24f Core/Src/main.o
 .debug_macro   0x0000000000021bdb       0x41 Core/Src/main.o
 .debug_macro   0x0000000000021c1c       0x58 Core/Src/main.o
 .debug_macro   0x0000000000021c74      0x236 Core/Src/main.o
 .debug_macro   0x0000000000021eaa      0x14f Core/Src/main.o
 .debug_macro   0x0000000000021ff9      0x25b Core/Src/main.o
 .debug_macro   0x0000000000022254       0x12 Core/Src/main.o
 .debug_macro   0x0000000000022266      0x22c Core/Src/main.o
 .debug_macro   0x0000000000022492       0x61 Core/Src/main.o
 .debug_macro   0x00000000000224f3       0xa5 Core/Src/main.o
 .debug_macro   0x0000000000022598      0x12f Core/Src/main.o
 .debug_macro   0x00000000000226c7      0x108 Core/Src/main.o
 .debug_macro   0x00000000000227cf       0x35 Core/Src/main.o
 .debug_macro   0x0000000000022804      0xa60 Core/Src/main.o
 .debug_macro   0x0000000000023264       0x59 Core/Src/main.o
 .debug_macro   0x00000000000232bd      0x14e Core/Src/main.o
 .debug_macro   0x000000000002340b      0x89d Core/Src/main.o
 .debug_macro   0x0000000000023ca8      0x112 Core/Src/main.o
 .debug_macro   0x0000000000023dba       0x58 Core/Src/main.o
 .debug_macro   0x0000000000023e12       0x46 Core/Src/main.o
 .debug_macro   0x0000000000023e58       0x64 Core/Src/main.o
 .debug_macro   0x0000000000023ebc       0x49 Core/Src/main.o
 .debug_macro   0x0000000000023f05       0xc3 Core/Src/main.o
 .debug_macro   0x0000000000023fc8      0x204 Core/Src/main.o
 .debug_macro   0x00000000000241cc      0x450 Core/Src/main.o
 .debug_macro   0x000000000002461c      0x15a Core/Src/main.o
 .debug_macro   0x0000000000024776       0xea Core/Src/main.o
 .debug_macro   0x0000000000024860       0x1c Core/Src/main.o
 .debug_macro   0x000000000002487c       0x26 Core/Src/main.o
 .debug_macro   0x00000000000248a2      0x3d0 Core/Src/main.o
 .debug_macro   0x0000000000024c72       0xb5 Core/Src/main.o
 .debug_macro   0x0000000000024d27      0x120 Core/Src/main.o
 .debug_macro   0x0000000000024e47       0x46 Core/Src/main.o
 .debug_macro   0x0000000000024e8d       0x18 Core/Src/main.o
 .debug_macro   0x0000000000024ea5       0x3c Core/Src/main.o
 .debug_macro   0x0000000000024ee1       0x34 Core/Src/main.o
 .debug_macro   0x0000000000024f15       0x16 Core/Src/main.o
 .debug_macro   0x0000000000024f2b       0x35 Core/Src/main.o
 .debug_macro   0x0000000000024f60      0x32a Core/Src/main.o
 .debug_macro   0x000000000002528a       0x52 Core/Src/main.o
 .debug_macro   0x00000000000252dc       0x1f Core/Src/main.o
 .debug_macro   0x00000000000252fb       0x43 Core/Src/main.o
 .debug_macro   0x000000000002533e       0x20 Core/Src/main.o
 .debug_macro   0x000000000002535e      0x1a3 Core/Src/main.o
 .debug_macro   0x0000000000025501       0x10 Core/Src/main.o
 .debug_macro   0x0000000000025511       0x1c Core/Src/main.o
 .debug_macro   0x000000000002552d       0x52 Core/Src/main.o
 .debug_macro   0x000000000002557f       0x40 Core/Src/main.o
 .debug_macro   0x00000000000255bf       0x10 Core/Src/main.o
 .debug_macro   0x00000000000255cf       0x40 Core/Src/main.o
 .debug_macro   0x000000000002560f       0xd7 Core/Src/main.o
 .debug_macro   0x00000000000256e6       0x1c Core/Src/main.o
 .debug_macro   0x0000000000025702       0x3d Core/Src/main.o
 .debug_macro   0x000000000002573f       0x16 Core/Src/main.o
 .debug_macro   0x0000000000025755      0x145 Core/Src/main.o
 .debug_macro   0x000000000002589a      0x290 Core/Src/stm32f7xx_hal_msp.o
 .debug_macro   0x0000000000025b2a      0x1cf Core/Src/stm32f7xx_hal_timebase_tim.o
 .debug_macro   0x0000000000025cf9      0x1e8 Core/Src/stm32f7xx_it.o
 .debug_macro   0x0000000000025ee1      0x1cf Core/Src/system_stm32f7xx.o
 .debug_macro   0x00000000000260b0      0x1f3 Drivers/STM32F7xx_HAL_Driver/Src/stm32f7xx_hal.o
 .debug_macro   0x00000000000262a3      0x1cf Drivers/STM32F7xx_HAL_Driver/Src/stm32f7xx_hal_cortex.o
 .debug_macro   0x0000000000026472      0x205 Drivers/STM32F7xx_HAL_Driver/Src/stm32f7xx_hal_gpio.o
 .debug_macro   0x0000000000026677      0x1f3 Drivers/STM32F7xx_HAL_Driver/Src/stm32f7xx_hal_rcc.o
 .debug_macro   0x000000000002686a      0x1d0 Drivers/STM32F7xx_HAL_Driver/Src/stm32f7xx_hal_tim.o
 .debug_macro   0x0000000000026a3a      0x1cf Drivers/STM32F7xx_HAL_Driver/Src/stm32f7xx_hal_tim_ex.o
 .debug_macro   0x0000000000026c09      0x1e8 ThirdParty/FreeRTOS/list.o
 .debug_macro   0x0000000000026df1      0x2d5 ThirdParty/FreeRTOS/tasks.o
 .debug_macro   0x00000000000270c6       0x10 ThirdParty/FreeRTOS/tasks.o
 .debug_macro   0x00000000000270d6      0x1e6 ThirdParty/FreeRTOS/portable/GCC/ARM_CM7/r0p1/port.o
 .debug_macro   0x00000000000272bc      0x203 ThirdParty/FreeRTOS/portable/MemMang/heap_4.o
 .debug_macro   0x00000000000274bf      0x138 ThirdParty/SEGGER/Config/SEGGER_SYSVIEW_Config_FreeRTOS.o
 .debug_macro   0x00000000000275f7      0x1f7 ThirdParty/SEGGER/OS/SEGGER_SYSVIEW_FreeRTOS.o
 .debug_macro   0x00000000000277ee      0x1b0 ThirdParty/SEGGER/SEGGER/SEGGER_RTT.o
 .debug_macro   0x000000000002799e       0x34 ThirdParty/SEGGER/SEGGER/SEGGER_RTT.o
 .debug_macro   0x00000000000279d2      0x138 ThirdParty/SEGGER/SEGGER/SEGGER_RTT.o
 .debug_macro   0x0000000000027b0a      0x206 ThirdParty/SEGGER/SEGGER/SEGGER_SYSVIEW.o
 .debug_macro   0x0000000000027d10      0x204 ThirdParty/SEGGER/SEGGER/SEGGER_SYSVIEW.o
 .debug_macro   0x0000000000027f14      0x16e ThirdParty/SEGGER/SEGGER/SEGGER_SYSVIEW.o

.debug_line     0x0000000000000000     0xeb36
 .debug_line    0x0000000000000000      0xd80 Core/Src/main.o
 .debug_line    0x0000000000000d80      0x932 Core/Src/stm32f7xx_hal_msp.o
 .debug_line    0x00000000000016b2      0x6ed Core/Src/stm32f7xx_hal_timebase_tim.o
 .debug_line    0x0000000000001d9f      0x73b Core/Src/stm32f7xx_it.o
 .debug_line    0x00000000000024da      0x6d1 Core/Src/system_stm32f7xx.o
 .debug_line    0x0000000000002bab       0x88 Core/Startup/startup_stm32f746nghx.o
 .debug_line    0x0000000000002c33      0x8e1 Drivers/STM32F7xx_HAL_Driver/Src/stm32f7xx_hal.o
 .debug_line    0x0000000000003514      0x9e2 Drivers/STM32F7xx_HAL_Driver/Src/stm32f7xx_hal_cortex.o
 .debug_line    0x0000000000003ef6      0x8c4 Drivers/STM32F7xx_HAL_Driver/Src/stm32f7xx_hal_gpio.o
 .debug_line    0x00000000000047ba      0x957 Drivers/STM32F7xx_HAL_Driver/Src/stm32f7xx_hal_rcc.o
 .debug_line    0x0000000000005111     0x265d Drivers/STM32F7xx_HAL_Driver/Src/stm32f7xx_hal_tim.o
 .debug_line    0x000000000000776e     0x132e Drivers/STM32F7xx_HAL_Driver/Src/stm32f7xx_hal_tim_ex.o
 .debug_line    0x0000000000008a9c      0x7d6 ThirdParty/FreeRTOS/list.o
 .debug_line    0x0000000000009272     0x1568 ThirdParty/FreeRTOS/tasks.o
 .debug_line    0x000000000000a7da      0x863 ThirdParty/FreeRTOS/portable/GCC/ARM_CM7/r0p1/port.o
 .debug_line    0x000000000000b03d      0x8fb ThirdParty/FreeRTOS/portable/MemMang/heap_4.o
 .debug_line    0x000000000000b938      0x646 ThirdParty/SEGGER/Config/SEGGER_SYSVIEW_Config_FreeRTOS.o
 .debug_line    0x000000000000bf7e      0x871 ThirdParty/SEGGER/OS/SEGGER_SYSVIEW_FreeRTOS.o
 .debug_line    0x000000000000c7ef      0xa05 ThirdParty/SEGGER/SEGGER/SEGGER_RTT.o
 .debug_line    0x000000000000d1f4       0xa0 ThirdParty/SEGGER/SEGGER/SEGGER_RTT_ASM_ARMv7M.o
 .debug_line    0x000000000000d294     0x18a2 ThirdParty/SEGGER/SEGGER/SEGGER_SYSVIEW.o

.debug_str      0x0000000000000000    0xf9440
 .debug_str     0x0000000000000000    0xf1e93 Core/Src/main.o
                                      0xf26f0 (size before relaxing)
 .debug_str     0x00000000000f1e93       0x2c Core/Src/stm32f7xx_hal_msp.o
                                      0xec3d7 (size before relaxing)
 .debug_str     0x00000000000f1ebf      0x638 Core/Src/stm32f7xx_hal_timebase_tim.o
                                      0xe3f38 (size before relaxing)
 .debug_str     0x00000000000f24f7       0xa6 Core/Src/stm32f7xx_it.o
                                      0xe578c (size before relaxing)
 .debug_str     0x00000000000f259d      0x178 Core/Src/system_stm32f7xx.o
                                      0xe347d (size before relaxing)
 .debug_str     0x00000000000f2715       0x36 Core/Startup/startup_stm32f746nghx.o
                                         0x5a (size before relaxing)
 .debug_str     0x00000000000f274b      0x341 Drivers/STM32F7xx_HAL_Driver/Src/stm32f7xx_hal.o
                                      0xe3d44 (size before relaxing)
 .debug_str     0x00000000000f2a8c      0x388 Drivers/STM32F7xx_HAL_Driver/Src/stm32f7xx_hal_cortex.o
                                      0xe3deb (size before relaxing)
 .debug_str     0x00000000000f2e14      0x249 Drivers/STM32F7xx_HAL_Driver/Src/stm32f7xx_hal_gpio.o
                                      0xe3668 (size before relaxing)
 .debug_str     0x00000000000f305d      0x26e Drivers/STM32F7xx_HAL_Driver/Src/stm32f7xx_hal_rcc.o
                                      0xe37ad (size before relaxing)
 .debug_str     0x00000000000f32cb      0xe71 Drivers/STM32F7xx_HAL_Driver/Src/stm32f7xx_hal_tim.o
                                      0xe4725 (size before relaxing)
 .debug_str     0x00000000000f413c      0x5af Drivers/STM32F7xx_HAL_Driver/Src/stm32f7xx_hal_tim_ex.o
                                      0xe3f29 (size before relaxing)
 .debug_str     0x00000000000f46eb      0x28e ThirdParty/FreeRTOS/list.o
                                       0xe968 (size before relaxing)
 .debug_str     0x00000000000f4979     0x1dfc ThirdParty/FreeRTOS/tasks.o
                                      0x11a33 (size before relaxing)
 .debug_str     0x00000000000f6775      0x77b ThirdParty/FreeRTOS/portable/GCC/ARM_CM7/r0p1/port.o
                                       0xd244 (size before relaxing)
 .debug_str     0x00000000000f6ef0      0x330 ThirdParty/FreeRTOS/portable/MemMang/heap_4.o
                                       0xfde2 (size before relaxing)
 .debug_str     0x00000000000f7220      0x151 ThirdParty/SEGGER/Config/SEGGER_SYSVIEW_Config_FreeRTOS.o
                                       0xb152 (size before relaxing)
 .debug_str     0x00000000000f7371       0xf5 ThirdParty/SEGGER/OS/SEGGER_SYSVIEW_FreeRTOS.o
                                       0xfb3d (size before relaxing)
 .debug_str     0x00000000000f7466     0x104d ThirdParty/SEGGER/SEGGER/SEGGER_RTT.o
                                       0x78e4 (size before relaxing)
 .debug_str     0x00000000000f84b3       0x34 ThirdParty/SEGGER/SEGGER/SEGGER_RTT_ASM_ARMv7M.o
                                         0x66 (size before relaxing)
 .debug_str     0x00000000000f84e7      0xf59 ThirdParty/SEGGER/SEGGER/SEGGER_SYSVIEW.o
                                       0x9899 (size before relaxing)

.comment        0x0000000000000000       0x7b
 .comment       0x0000000000000000       0x7b Core/Src/main.o
                                         0x7c (size before relaxing)
 .comment       0x000000000000007b       0x7c Core/Src/stm32f7xx_hal_msp.o
 .comment       0x000000000000007b       0x7c Core/Src/stm32f7xx_hal_timebase_tim.o
 .comment       0x000000000000007b       0x7c Core/Src/stm32f7xx_it.o
 .comment       0x000000000000007b       0x7c Core/Src/system_stm32f7xx.o
 .comment       0x000000000000007b       0x7c Drivers/STM32F7xx_HAL_Driver/Src/stm32f7xx_hal.o
 .comment       0x000000000000007b       0x7c Drivers/STM32F7xx_HAL_Driver/Src/stm32f7xx_hal_cortex.o
 .comment       0x000000000000007b       0x7c Drivers/STM32F7xx_HAL_Driver/Src/stm32f7xx_hal_gpio.o
 .comment       0x000000000000007b       0x7c Drivers/STM32F7xx_HAL_Driver/Src/stm32f7xx_hal_rcc.o
 .comment       0x000000000000007b       0x7c Drivers/STM32F7xx_HAL_Driver/Src/stm32f7xx_hal_tim.o
 .comment       0x000000000000007b       0x7c Drivers/STM32F7xx_HAL_Driver/Src/stm32f7xx_hal_tim_ex.o
 .comment       0x000000000000007b       0x7c ThirdParty/FreeRTOS/list.o
 .comment       0x000000000000007b       0x7c ThirdParty/FreeRTOS/tasks.o
 .comment       0x000000000000007b       0x7c ThirdParty/FreeRTOS/portable/GCC/ARM_CM7/r0p1/port.o
 .comment       0x000000000000007b       0x7c ThirdParty/FreeRTOS/portable/MemMang/heap_4.o
 .comment       0x000000000000007b       0x7c ThirdParty/SEGGER/Config/SEGGER_SYSVIEW_Config_FreeRTOS.o
 .comment       0x000000000000007b       0x7c ThirdParty/SEGGER/OS/SEGGER_SYSVIEW_FreeRTOS.o
 .comment       0x000000000000007b       0x7c ThirdParty/SEGGER/SEGGER/SEGGER_RTT.o
 .comment       0x000000000000007b       0x7c ThirdParty/SEGGER/SEGGER/SEGGER_SYSVIEW.o

.debug_frame    0x0000000000000000     0x46d8
 .debug_frame   0x0000000000000000      0x120 Core/Src/main.o
 .debug_frame   0x0000000000000120       0x34 Core/Src/stm32f7xx_hal_msp.o
 .debug_frame   0x0000000000000154       0x74 Core/Src/stm32f7xx_hal_timebase_tim.o
 .debug_frame   0x00000000000001c8       0xcc Core/Src/stm32f7xx_it.o
 .debug_frame   0x0000000000000294       0x58 Core/Src/system_stm32f7xx.o
 .debug_frame   0x00000000000002ec      0x3b4 Drivers/STM32F7xx_HAL_Driver/Src/stm32f7xx_hal.o
 .debug_frame   0x00000000000006a0      0x498 Drivers/STM32F7xx_HAL_Driver/Src/stm32f7xx_hal_cortex.o
 .debug_frame   0x0000000000000b38      0x14c Drivers/STM32F7xx_HAL_Driver/Src/stm32f7xx_hal_gpio.o
 .debug_frame   0x0000000000000c84      0x1f4 Drivers/STM32F7xx_HAL_Driver/Src/stm32f7xx_hal_rcc.o
 .debug_frame   0x0000000000000e78     0x1218 Drivers/STM32F7xx_HAL_Driver/Src/stm32f7xx_hal_tim.o
 .debug_frame   0x0000000000002090      0x688 Drivers/STM32F7xx_HAL_Driver/Src/stm32f7xx_hal_tim_ex.o
 .debug_frame   0x0000000000002718       0xd8 ThirdParty/FreeRTOS/list.o
 .debug_frame   0x00000000000027f0      0x8b0 ThirdParty/FreeRTOS/tasks.o
 .debug_frame   0x00000000000030a0      0x1d0 ThirdParty/FreeRTOS/portable/GCC/ARM_CM7/r0p1/port.o
 .debug_frame   0x0000000000003270      0x12c ThirdParty/FreeRTOS/portable/MemMang/heap_4.o
 .debug_frame   0x000000000000339c       0x48 ThirdParty/SEGGER/Config/SEGGER_SYSVIEW_Config_FreeRTOS.o
 .debug_frame   0x00000000000033e4      0x100 ThirdParty/SEGGER/OS/SEGGER_SYSVIEW_FreeRTOS.o
 .debug_frame   0x00000000000034e4      0x530 ThirdParty/SEGGER/SEGGER/SEGGER_RTT.o
 .debug_frame   0x0000000000003a14      0xbc4 ThirdParty/SEGGER/SEGGER/SEGGER_SYSVIEW.o
 .debug_frame   0x00000000000045d8       0x2c e:/st/stm32cubeide_1.4.0/stm32cubeide/plugins/com.st.stm32cube.ide.mcu.externaltools.gnu-tools-for-stm32.7-2018-q2-update.win32_1.4.0.202007081208/tools/bin/../lib/gcc/arm-none-eabi/7.3.1/../../../../arm-none-eabi/lib/thumb/v7e-m/fpv4-sp/hard\libc_nano.a(lib_a-init.o)
 .debug_frame   0x0000000000004604       0x2c e:/st/stm32cubeide_1.4.0/stm32cubeide/plugins/com.st.stm32cube.ide.mcu.externaltools.gnu-tools-for-stm32.7-2018-q2-update.win32_1.4.0.202007081208/tools/bin/../lib/gcc/arm-none-eabi/7.3.1/../../../../arm-none-eabi/lib/thumb/v7e-m/fpv4-sp/hard\libc_nano.a(lib_a-memcmp.o)
 .debug_frame   0x0000000000004630       0x28 e:/st/stm32cubeide_1.4.0/stm32cubeide/plugins/com.st.stm32cube.ide.mcu.externaltools.gnu-tools-for-stm32.7-2018-q2-update.win32_1.4.0.202007081208/tools/bin/../lib/gcc/arm-none-eabi/7.3.1/../../../../arm-none-eabi/lib/thumb/v7e-m/fpv4-sp/hard\libc_nano.a(lib_a-memcpy-stub.o)
 .debug_frame   0x0000000000004658       0x20 e:/st/stm32cubeide_1.4.0/stm32cubeide/plugins/com.st.stm32cube.ide.mcu.externaltools.gnu-tools-for-stm32.7-2018-q2-update.win32_1.4.0.202007081208/tools/bin/../lib/gcc/arm-none-eabi/7.3.1/../../../../arm-none-eabi/lib/thumb/v7e-m/fpv4-sp/hard\libc_nano.a(lib_a-memset.o)
 .debug_frame   0x0000000000004678       0x2c e:/st/stm32cubeide_1.4.0/stm32cubeide/plugins/com.st.stm32cube.ide.mcu.externaltools.gnu-tools-for-stm32.7-2018-q2-update.win32_1.4.0.202007081208/tools/bin/../lib/gcc/arm-none-eabi/7.3.1/thumb/v7e-m/fpv4-sp/hard\libgcc.a(_aeabi_uldivmod.o)
 .debug_frame   0x00000000000046a4       0x34 e:/st/stm32cubeide_1.4.0/stm32cubeide/plugins/com.st.stm32cube.ide.mcu.externaltools.gnu-tools-for-stm32.7-2018-q2-update.win32_1.4.0.202007081208/tools/bin/../lib/gcc/arm-none-eabi/7.3.1/thumb/v7e-m/fpv4-sp/hard\libgcc.a(_udivmoddi4.o)
