12:40:08 **** Build of configuration Debug for project C1 ****
make -j8 all 
arm-none-eabi-gcc "../ThirdParty/SEGGER/SEGGER/Syscalls/SEGGER_RTT_Syscalls_GCC.c" -mcpu=cortex-m7 -std=gnu11 -g3 -DUSE_HAL_DRIVER -DSTM32F746xx -DDEBUG -c -I../Core/Inc -I"D:/GitHub/STM32f7_freeRTOS/C1/ThirdParty/SEGGER/Config" -I"D:/GitHub/STM32f7_freeRTOS/C1/ThirdParty/SEGGER/OS" -I"D:/GitHub/STM32f7_freeRTOS/C1/ThirdParty/SEGGER/SEGGER" -I"D:/GitHub/STM32f7_freeRTOS/C1/ThirdParty/SEGGER/Config" -I"D:/GitHub/STM32f7_freeRTOS/C1/ThirdParty/SEGGER/OS" -I"D:/GitHub/STM32f7_freeRTOS/C1/ThirdParty/SEGGER/Patch" -I"D:/GitHub/STM32f7_freeRTOS/C1/ThirdParty/SEGGER/SEGGER/Syscalls" -I"D:/GitHub/STM32f7_freeRTOS/C1/ThirdParty/FreeRTOS" -I"D:/GitHub/STM32f7_freeRTOS/C1/ThirdParty/FreeRTOS/include" -I"D:/GitHub/STM32f7_freeRTOS/C1/ThirdParty/FreeRTOS/portable/GCC/ARM_CM7/r0p1" -I../Drivers/STM32F7xx_HAL_Driver/Inc -I../Drivers/STM32F7xx_HAL_Driver/Inc/Legacy -I../Drivers/CMSIS/Device/ST/STM32F7xx/Include -I../Drivers/CMSIS/Include -O0 -ffunction-sections -fdata-sections -Wall -fstack-usage -MMD -MP -MF"ThirdParty/SEGGER/SEGGER/Syscalls/SEGGER_RTT_Syscalls_GCC.d" -MT"ThirdParty/SEGGER/SEGGER/Syscalls/SEGGER_RTT_Syscalls_GCC.o" --specs=nano.specs -mfpu=fpv5-sp-d16 -mfloat-abi=hard -mthumb -o "ThirdParty/SEGGER/SEGGER/Syscalls/SEGGER_RTT_Syscalls_GCC.o"
arm-none-eabi-gcc "../ThirdParty/SEGGER/SEGGER/SEGGER_RTT.c" -mcpu=cortex-m7 -std=gnu11 -g3 -DUSE_HAL_DRIVER -DSTM32F746xx -DDEBUG -c -I../Core/Inc -I"D:/GitHub/STM32f7_freeRTOS/C1/ThirdParty/SEGGER/Config" -I"D:/GitHub/STM32f7_freeRTOS/C1/ThirdParty/SEGGER/OS" -I"D:/GitHub/STM32f7_freeRTOS/C1/ThirdParty/SEGGER/SEGGER" -I"D:/GitHub/STM32f7_freeRTOS/C1/ThirdParty/SEGGER/Config" -I"D:/GitHub/STM32f7_freeRTOS/C1/ThirdParty/SEGGER/OS" -I"D:/GitHub/STM32f7_freeRTOS/C1/ThirdParty/SEGGER/Patch" -I"D:/GitHub/STM32f7_freeRTOS/C1/ThirdParty/SEGGER/SEGGER/Syscalls" -I"D:/GitHub/STM32f7_freeRTOS/C1/ThirdParty/FreeRTOS" -I"D:/GitHub/STM32f7_freeRTOS/C1/ThirdParty/FreeRTOS/include" -I"D:/GitHub/STM32f7_freeRTOS/C1/ThirdParty/FreeRTOS/portable/GCC/ARM_CM7/r0p1" -I../Drivers/STM32F7xx_HAL_Driver/Inc -I../Drivers/STM32F7xx_HAL_Driver/Inc/Legacy -I../Drivers/CMSIS/Device/ST/STM32F7xx/Include -I../Drivers/CMSIS/Include -O0 -ffunction-sections -fdata-sections -Wall -fstack-usage -MMD -MP -MF"ThirdParty/SEGGER/SEGGER/SEGGER_RTT.d" -MT"ThirdParty/SEGGER/SEGGER/SEGGER_RTT.o" --specs=nano.specs -mfpu=fpv5-sp-d16 -mfloat-abi=hard -mthumb -o "ThirdParty/SEGGER/SEGGER/SEGGER_RTT.o"
arm-none-eabi-gcc -mcpu=cortex-m7 -g3 -c -I"D:/GitHub/STM32f7_freeRTOS/C1/ThirdParty/SEGGER/Config" -x assembler-with-cpp -MMD -MP -MF"ThirdParty/SEGGER/SEGGER/SEGGER_RTT_ASM_ARMv7M.d" -MT"ThirdParty/SEGGER/SEGGER/SEGGER_RTT_ASM_ARMv7M.o" --specs=nano.specs -mfpu=fpv5-sp-d16 -mfloat-abi=hard -mthumb -o "ThirdParty/SEGGER/SEGGER/SEGGER_RTT_ASM_ARMv7M.o" "../ThirdParty/SEGGER/SEGGER/SEGGER_RTT_ASM_ARMv7M.S"
arm-none-eabi-gcc "../ThirdParty/SEGGER/SEGGER/SEGGER_RTT_printf.c" -mcpu=cortex-m7 -std=gnu11 -g3 -DUSE_HAL_DRIVER -DSTM32F746xx -DDEBUG -c -I../Core/Inc -I"D:/GitHub/STM32f7_freeRTOS/C1/ThirdParty/SEGGER/Config" -I"D:/GitHub/STM32f7_freeRTOS/C1/ThirdParty/SEGGER/OS" -I"D:/GitHub/STM32f7_freeRTOS/C1/ThirdParty/SEGGER/SEGGER" -I"D:/GitHub/STM32f7_freeRTOS/C1/ThirdParty/SEGGER/Config" -I"D:/GitHub/STM32f7_freeRTOS/C1/ThirdParty/SEGGER/OS" -I"D:/GitHub/STM32f7_freeRTOS/C1/ThirdParty/SEGGER/Patch" -I"D:/GitHub/STM32f7_freeRTOS/C1/ThirdParty/SEGGER/SEGGER/Syscalls" -I"D:/GitHub/STM32f7_freeRTOS/C1/ThirdParty/FreeRTOS" -I"D:/GitHub/STM32f7_freeRTOS/C1/ThirdParty/FreeRTOS/include" -I"D:/GitHub/STM32f7_freeRTOS/C1/ThirdParty/FreeRTOS/portable/GCC/ARM_CM7/r0p1" -I../Drivers/STM32F7xx_HAL_Driver/Inc -I../Drivers/STM32F7xx_HAL_Driver/Inc/Legacy -I../Drivers/CMSIS/Device/ST/STM32F7xx/Include -I../Drivers/CMSIS/Include -O0 -ffunction-sections -fdata-sections -Wall -fstack-usage -MMD -MP -MF"ThirdParty/SEGGER/SEGGER/SEGGER_RTT_printf.d" -MT"ThirdParty/SEGGER/SEGGER/SEGGER_RTT_printf.o" --specs=nano.specs -mfpu=fpv5-sp-d16 -mfloat-abi=hard -mthumb -o "ThirdParty/SEGGER/SEGGER/SEGGER_RTT_printf.o"
arm-none-eabi-gcc "../ThirdParty/SEGGER/SEGGER/SEGGER_SYSVIEW.c" -mcpu=cortex-m7 -std=gnu11 -g3 -DUSE_HAL_DRIVER -DSTM32F746xx -DDEBUG -c -I../Core/Inc -I"D:/GitHub/STM32f7_freeRTOS/C1/ThirdParty/SEGGER/Config" -I"D:/GitHub/STM32f7_freeRTOS/C1/ThirdParty/SEGGER/OS" -I"D:/GitHub/STM32f7_freeRTOS/C1/ThirdParty/SEGGER/SEGGER" -I"D:/GitHub/STM32f7_freeRTOS/C1/ThirdParty/SEGGER/Config" -I"D:/GitHub/STM32f7_freeRTOS/C1/ThirdParty/SEGGER/OS" -I"D:/GitHub/STM32f7_freeRTOS/C1/ThirdParty/SEGGER/Patch" -I"D:/GitHub/STM32f7_freeRTOS/C1/ThirdParty/SEGGER/SEGGER/Syscalls" -I"D:/GitHub/STM32f7_freeRTOS/C1/ThirdParty/FreeRTOS" -I"D:/GitHub/STM32f7_freeRTOS/C1/ThirdParty/FreeRTOS/include" -I"D:/GitHub/STM32f7_freeRTOS/C1/ThirdParty/FreeRTOS/portable/GCC/ARM_CM7/r0p1" -I../Drivers/STM32F7xx_HAL_Driver/Inc -I../Drivers/STM32F7xx_HAL_Driver/Inc/Legacy -I../Drivers/CMSIS/Device/ST/STM32F7xx/Include -I../Drivers/CMSIS/Include -O0 -ffunction-sections -fdata-sections -Wall -fstack-usage -MMD -MP -MF"ThirdParty/SEGGER/SEGGER/SEGGER_SYSVIEW.d" -MT"ThirdParty/SEGGER/SEGGER/SEGGER_SYSVIEW.o" --specs=nano.specs -mfpu=fpv5-sp-d16 -mfloat-abi=hard -mthumb -o "ThirdParty/SEGGER/SEGGER/SEGGER_SYSVIEW.o"
arm-none-eabi-gcc "../ThirdParty/SEGGER/OS/SEGGER_SYSVIEW_FreeRTOS.c" -mcpu=cortex-m7 -std=gnu11 -g3 -DUSE_HAL_DRIVER -DSTM32F746xx -DDEBUG -c -I../Core/Inc -I"D:/GitHub/STM32f7_freeRTOS/C1/ThirdParty/SEGGER/Config" -I"D:/GitHub/STM32f7_freeRTOS/C1/ThirdParty/SEGGER/OS" -I"D:/GitHub/STM32f7_freeRTOS/C1/ThirdParty/SEGGER/SEGGER" -I"D:/GitHub/STM32f7_freeRTOS/C1/ThirdParty/SEGGER/Config" -I"D:/GitHub/STM32f7_freeRTOS/C1/ThirdParty/SEGGER/OS" -I"D:/GitHub/STM32f7_freeRTOS/C1/ThirdParty/SEGGER/Patch" -I"D:/GitHub/STM32f7_freeRTOS/C1/ThirdParty/SEGGER/SEGGER/Syscalls" -I"D:/GitHub/STM32f7_freeRTOS/C1/ThirdParty/FreeRTOS" -I"D:/GitHub/STM32f7_freeRTOS/C1/ThirdParty/FreeRTOS/include" -I"D:/GitHub/STM32f7_freeRTOS/C1/ThirdParty/FreeRTOS/portable/GCC/ARM_CM7/r0p1" -I../Drivers/STM32F7xx_HAL_Driver/Inc -I../Drivers/STM32F7xx_HAL_Driver/Inc/Legacy -I../Drivers/CMSIS/Device/ST/STM32F7xx/Include -I../Drivers/CMSIS/Include -O0 -ffunction-sections -fdata-sections -Wall -fstack-usage -MMD -MP -MF"ThirdParty/SEGGER/OS/SEGGER_SYSVIEW_FreeRTOS.d" -MT"ThirdParty/SEGGER/OS/SEGGER_SYSVIEW_FreeRTOS.o" --specs=nano.specs -mfpu=fpv5-sp-d16 -mfloat-abi=hard -mthumb -o "ThirdParty/SEGGER/OS/SEGGER_SYSVIEW_FreeRTOS.o"
arm-none-eabi-gcc "../ThirdParty/SEGGER/Config/SEGGER_SYSVIEW_Config_FreeRTOS.c" -mcpu=cortex-m7 -std=gnu11 -g3 -DUSE_HAL_DRIVER -DSTM32F746xx -DDEBUG -c -I../Core/Inc -I"D:/GitHub/STM32f7_freeRTOS/C1/ThirdParty/SEGGER/Config" -I"D:/GitHub/STM32f7_freeRTOS/C1/ThirdParty/SEGGER/OS" -I"D:/GitHub/STM32f7_freeRTOS/C1/ThirdParty/SEGGER/SEGGER" -I"D:/GitHub/STM32f7_freeRTOS/C1/ThirdParty/SEGGER/Config" -I"D:/GitHub/STM32f7_freeRTOS/C1/ThirdParty/SEGGER/OS" -I"D:/GitHub/STM32f7_freeRTOS/C1/ThirdParty/SEGGER/Patch" -I"D:/GitHub/STM32f7_freeRTOS/C1/ThirdParty/SEGGER/SEGGER/Syscalls" -I"D:/GitHub/STM32f7_freeRTOS/C1/ThirdParty/FreeRTOS" -I"D:/GitHub/STM32f7_freeRTOS/C1/ThirdParty/FreeRTOS/include" -I"D:/GitHub/STM32f7_freeRTOS/C1/ThirdParty/FreeRTOS/portable/GCC/ARM_CM7/r0p1" -I../Drivers/STM32F7xx_HAL_Driver/Inc -I../Drivers/STM32F7xx_HAL_Driver/Inc/Legacy -I../Drivers/CMSIS/Device/ST/STM32F7xx/Include -I../Drivers/CMSIS/Include -O0 -ffunction-sections -fdata-sections -Wall -fstack-usage -MMD -MP -MF"ThirdParty/SEGGER/Config/SEGGER_SYSVIEW_Config_FreeRTOS.d" -MT"ThirdParty/SEGGER/Config/SEGGER_SYSVIEW_Config_FreeRTOS.o" --specs=nano.specs -mfpu=fpv5-sp-d16 -mfloat-abi=hard -mthumb -o "ThirdParty/SEGGER/Config/SEGGER_SYSVIEW_Config_FreeRTOS.o"
arm-none-eabi-gcc "../ThirdParty/FreeRTOS/portable/MemMang/heap_4.c" -mcpu=cortex-m7 -std=gnu11 -g3 -DUSE_HAL_DRIVER -DSTM32F746xx -DDEBUG -c -I../Core/Inc -I"D:/GitHub/STM32f7_freeRTOS/C1/ThirdParty/SEGGER/Config" -I"D:/GitHub/STM32f7_freeRTOS/C1/ThirdParty/SEGGER/OS" -I"D:/GitHub/STM32f7_freeRTOS/C1/ThirdParty/SEGGER/SEGGER" -I"D:/GitHub/STM32f7_freeRTOS/C1/ThirdParty/SEGGER/Config" -I"D:/GitHub/STM32f7_freeRTOS/C1/ThirdParty/SEGGER/OS" -I"D:/GitHub/STM32f7_freeRTOS/C1/ThirdParty/SEGGER/Patch" -I"D:/GitHub/STM32f7_freeRTOS/C1/ThirdParty/SEGGER/SEGGER/Syscalls" -I"D:/GitHub/STM32f7_freeRTOS/C1/ThirdParty/FreeRTOS" -I"D:/GitHub/STM32f7_freeRTOS/C1/ThirdParty/FreeRTOS/include" -I"D:/GitHub/STM32f7_freeRTOS/C1/ThirdParty/FreeRTOS/portable/GCC/ARM_CM7/r0p1" -I../Drivers/STM32F7xx_HAL_Driver/Inc -I../Drivers/STM32F7xx_HAL_Driver/Inc/Legacy -I../Drivers/CMSIS/Device/ST/STM32F7xx/Include -I../Drivers/CMSIS/Include -O0 -ffunction-sections -fdata-sections -Wall -fstack-usage -MMD -MP -MF"ThirdParty/FreeRTOS/portable/MemMang/heap_4.d" -MT"ThirdParty/FreeRTOS/portable/MemMang/heap_4.o" --specs=nano.specs -mfpu=fpv5-sp-d16 -mfloat-abi=hard -mthumb -o "ThirdParty/FreeRTOS/portable/MemMang/heap_4.o"
arm-none-eabi-gcc "../ThirdParty/FreeRTOS/portable/GCC/ARM_CM7/r0p1/port.c" -mcpu=cortex-m7 -std=gnu11 -g3 -DUSE_HAL_DRIVER -DSTM32F746xx -DDEBUG -c -I../Core/Inc -I"D:/GitHub/STM32f7_freeRTOS/C1/ThirdParty/SEGGER/Config" -I"D:/GitHub/STM32f7_freeRTOS/C1/ThirdParty/SEGGER/OS" -I"D:/GitHub/STM32f7_freeRTOS/C1/ThirdParty/SEGGER/SEGGER" -I"D:/GitHub/STM32f7_freeRTOS/C1/ThirdParty/SEGGER/Config" -I"D:/GitHub/STM32f7_freeRTOS/C1/ThirdParty/SEGGER/OS" -I"D:/GitHub/STM32f7_freeRTOS/C1/ThirdParty/SEGGER/Patch" -I"D:/GitHub/STM32f7_freeRTOS/C1/ThirdParty/SEGGER/SEGGER/Syscalls" -I"D:/GitHub/STM32f7_freeRTOS/C1/ThirdParty/FreeRTOS" -I"D:/GitHub/STM32f7_freeRTOS/C1/ThirdParty/FreeRTOS/include" -I"D:/GitHub/STM32f7_freeRTOS/C1/ThirdParty/FreeRTOS/portable/GCC/ARM_CM7/r0p1" -I../Drivers/STM32F7xx_HAL_Driver/Inc -I../Drivers/STM32F7xx_HAL_Driver/Inc/Legacy -I../Drivers/CMSIS/Device/ST/STM32F7xx/Include -I../Drivers/CMSIS/Include -O0 -ffunction-sections -fdata-sections -Wall -fstack-usage -MMD -MP -MF"ThirdParty/FreeRTOS/portable/GCC/ARM_CM7/r0p1/port.d" -MT"ThirdParty/FreeRTOS/portable/GCC/ARM_CM7/r0p1/port.o" --specs=nano.specs -mfpu=fpv5-sp-d16 -mfloat-abi=hard -mthumb -o "ThirdParty/FreeRTOS/portable/GCC/ARM_CM7/r0p1/port.o"
arm-none-eabi-gcc "../ThirdParty/FreeRTOS/croutine.c" -mcpu=cortex-m7 -std=gnu11 -g3 -DUSE_HAL_DRIVER -DSTM32F746xx -DDEBUG -c -I../Core/Inc -I"D:/GitHub/STM32f7_freeRTOS/C1/ThirdParty/SEGGER/Config" -I"D:/GitHub/STM32f7_freeRTOS/C1/ThirdParty/SEGGER/OS" -I"D:/GitHub/STM32f7_freeRTOS/C1/ThirdParty/SEGGER/SEGGER" -I"D:/GitHub/STM32f7_freeRTOS/C1/ThirdParty/SEGGER/Config" -I"D:/GitHub/STM32f7_freeRTOS/C1/ThirdParty/SEGGER/OS" -I"D:/GitHub/STM32f7_freeRTOS/C1/ThirdParty/SEGGER/Patch" -I"D:/GitHub/STM32f7_freeRTOS/C1/ThirdParty/SEGGER/SEGGER/Syscalls" -I"D:/GitHub/STM32f7_freeRTOS/C1/ThirdParty/FreeRTOS" -I"D:/GitHub/STM32f7_freeRTOS/C1/ThirdParty/FreeRTOS/include" -I"D:/GitHub/STM32f7_freeRTOS/C1/ThirdParty/FreeRTOS/portable/GCC/ARM_CM7/r0p1" -I../Drivers/STM32F7xx_HAL_Driver/Inc -I../Drivers/STM32F7xx_HAL_Driver/Inc/Legacy -I../Drivers/CMSIS/Device/ST/STM32F7xx/Include -I../Drivers/CMSIS/Include -O0 -ffunction-sections -fdata-sections -Wall -fstack-usage -MMD -MP -MF"ThirdParty/FreeRTOS/croutine.d" -MT"ThirdParty/FreeRTOS/croutine.o" --specs=nano.specs -mfpu=fpv5-sp-d16 -mfloat-abi=hard -mthumb -o "ThirdParty/FreeRTOS/croutine.o"
arm-none-eabi-gcc "../ThirdParty/FreeRTOS/event_groups.c" -mcpu=cortex-m7 -std=gnu11 -g3 -DUSE_HAL_DRIVER -DSTM32F746xx -DDEBUG -c -I../Core/Inc -I"D:/GitHub/STM32f7_freeRTOS/C1/ThirdParty/SEGGER/Config" -I"D:/GitHub/STM32f7_freeRTOS/C1/ThirdParty/SEGGER/OS" -I"D:/GitHub/STM32f7_freeRTOS/C1/ThirdParty/SEGGER/SEGGER" -I"D:/GitHub/STM32f7_freeRTOS/C1/ThirdParty/SEGGER/Config" -I"D:/GitHub/STM32f7_freeRTOS/C1/ThirdParty/SEGGER/OS" -I"D:/GitHub/STM32f7_freeRTOS/C1/ThirdParty/SEGGER/Patch" -I"D:/GitHub/STM32f7_freeRTOS/C1/ThirdParty/SEGGER/SEGGER/Syscalls" -I"D:/GitHub/STM32f7_freeRTOS/C1/ThirdParty/FreeRTOS" -I"D:/GitHub/STM32f7_freeRTOS/C1/ThirdParty/FreeRTOS/include" -I"D:/GitHub/STM32f7_freeRTOS/C1/ThirdParty/FreeRTOS/portable/GCC/ARM_CM7/r0p1" -I../Drivers/STM32F7xx_HAL_Driver/Inc -I../Drivers/STM32F7xx_HAL_Driver/Inc/Legacy -I../Drivers/CMSIS/Device/ST/STM32F7xx/Include -I../Drivers/CMSIS/Include -O0 -ffunction-sections -fdata-sections -Wall -fstack-usage -MMD -MP -MF"ThirdParty/FreeRTOS/event_groups.d" -MT"ThirdParty/FreeRTOS/event_groups.o" --specs=nano.specs -mfpu=fpv5-sp-d16 -mfloat-abi=hard -mthumb -o "ThirdParty/FreeRTOS/event_groups.o"
arm-none-eabi-gcc "../ThirdParty/FreeRTOS/list.c" -mcpu=cortex-m7 -std=gnu11 -g3 -DUSE_HAL_DRIVER -DSTM32F746xx -DDEBUG -c -I../Core/Inc -I"D:/GitHub/STM32f7_freeRTOS/C1/ThirdParty/SEGGER/Config" -I"D:/GitHub/STM32f7_freeRTOS/C1/ThirdParty/SEGGER/OS" -I"D:/GitHub/STM32f7_freeRTOS/C1/ThirdParty/SEGGER/SEGGER" -I"D:/GitHub/STM32f7_freeRTOS/C1/ThirdParty/SEGGER/Config" -I"D:/GitHub/STM32f7_freeRTOS/C1/ThirdParty/SEGGER/OS" -I"D:/GitHub/STM32f7_freeRTOS/C1/ThirdParty/SEGGER/Patch" -I"D:/GitHub/STM32f7_freeRTOS/C1/ThirdParty/SEGGER/SEGGER/Syscalls" -I"D:/GitHub/STM32f7_freeRTOS/C1/ThirdParty/FreeRTOS" -I"D:/GitHub/STM32f7_freeRTOS/C1/ThirdParty/FreeRTOS/include" -I"D:/GitHub/STM32f7_freeRTOS/C1/ThirdParty/FreeRTOS/portable/GCC/ARM_CM7/r0p1" -I../Drivers/STM32F7xx_HAL_Driver/Inc -I../Drivers/STM32F7xx_HAL_Driver/Inc/Legacy -I../Drivers/CMSIS/Device/ST/STM32F7xx/Include -I../Drivers/CMSIS/Include -O0 -ffunction-sections -fdata-sections -Wall -fstack-usage -MMD -MP -MF"ThirdParty/FreeRTOS/list.d" -MT"ThirdParty/FreeRTOS/list.o" --specs=nano.specs -mfpu=fpv5-sp-d16 -mfloat-abi=hard -mthumb -o "ThirdParty/FreeRTOS/list.o"
arm-none-eabi-gcc "../ThirdParty/FreeRTOS/queue.c" -mcpu=cortex-m7 -std=gnu11 -g3 -DUSE_HAL_DRIVER -DSTM32F746xx -DDEBUG -c -I../Core/Inc -I"D:/GitHub/STM32f7_freeRTOS/C1/ThirdParty/SEGGER/Config" -I"D:/GitHub/STM32f7_freeRTOS/C1/ThirdParty/SEGGER/OS" -I"D:/GitHub/STM32f7_freeRTOS/C1/ThirdParty/SEGGER/SEGGER" -I"D:/GitHub/STM32f7_freeRTOS/C1/ThirdParty/SEGGER/Config" -I"D:/GitHub/STM32f7_freeRTOS/C1/ThirdParty/SEGGER/OS" -I"D:/GitHub/STM32f7_freeRTOS/C1/ThirdParty/SEGGER/Patch" -I"D:/GitHub/STM32f7_freeRTOS/C1/ThirdParty/SEGGER/SEGGER/Syscalls" -I"D:/GitHub/STM32f7_freeRTOS/C1/ThirdParty/FreeRTOS" -I"D:/GitHub/STM32f7_freeRTOS/C1/ThirdParty/FreeRTOS/include" -I"D:/GitHub/STM32f7_freeRTOS/C1/ThirdParty/FreeRTOS/portable/GCC/ARM_CM7/r0p1" -I../Drivers/STM32F7xx_HAL_Driver/Inc -I../Drivers/STM32F7xx_HAL_Driver/Inc/Legacy -I../Drivers/CMSIS/Device/ST/STM32F7xx/Include -I../Drivers/CMSIS/Include -O0 -ffunction-sections -fdata-sections -Wall -fstack-usage -MMD -MP -MF"ThirdParty/FreeRTOS/queue.d" -MT"ThirdParty/FreeRTOS/queue.o" --specs=nano.specs -mfpu=fpv5-sp-d16 -mfloat-abi=hard -mthumb -o "ThirdParty/FreeRTOS/queue.o"
arm-none-eabi-gcc "../ThirdParty/FreeRTOS/stream_buffer.c" -mcpu=cortex-m7 -std=gnu11 -g3 -DUSE_HAL_DRIVER -DSTM32F746xx -DDEBUG -c -I../Core/Inc -I"D:/GitHub/STM32f7_freeRTOS/C1/ThirdParty/SEGGER/Config" -I"D:/GitHub/STM32f7_freeRTOS/C1/ThirdParty/SEGGER/OS" -I"D:/GitHub/STM32f7_freeRTOS/C1/ThirdParty/SEGGER/SEGGER" -I"D:/GitHub/STM32f7_freeRTOS/C1/ThirdParty/SEGGER/Config" -I"D:/GitHub/STM32f7_freeRTOS/C1/ThirdParty/SEGGER/OS" -I"D:/GitHub/STM32f7_freeRTOS/C1/ThirdParty/SEGGER/Patch" -I"D:/GitHub/STM32f7_freeRTOS/C1/ThirdParty/SEGGER/SEGGER/Syscalls" -I"D:/GitHub/STM32f7_freeRTOS/C1/ThirdParty/FreeRTOS" -I"D:/GitHub/STM32f7_freeRTOS/C1/ThirdParty/FreeRTOS/include" -I"D:/GitHub/STM32f7_freeRTOS/C1/ThirdParty/FreeRTOS/portable/GCC/ARM_CM7/r0p1" -I../Drivers/STM32F7xx_HAL_Driver/Inc -I../Drivers/STM32F7xx_HAL_Driver/Inc/Legacy -I../Drivers/CMSIS/Device/ST/STM32F7xx/Include -I../Drivers/CMSIS/Include -O0 -ffunction-sections -fdata-sections -Wall -fstack-usage -MMD -MP -MF"ThirdParty/FreeRTOS/stream_buffer.d" -MT"ThirdParty/FreeRTOS/stream_buffer.o" --specs=nano.specs -mfpu=fpv5-sp-d16 -mfloat-abi=hard -mthumb -o "ThirdParty/FreeRTOS/stream_buffer.o"
arm-none-eabi-gcc "../ThirdParty/FreeRTOS/tasks.c" -mcpu=cortex-m7 -std=gnu11 -g3 -DUSE_HAL_DRIVER -DSTM32F746xx -DDEBUG -c -I../Core/Inc -I"D:/GitHub/STM32f7_freeRTOS/C1/ThirdParty/SEGGER/Config" -I"D:/GitHub/STM32f7_freeRTOS/C1/ThirdParty/SEGGER/OS" -I"D:/GitHub/STM32f7_freeRTOS/C1/ThirdParty/SEGGER/SEGGER" -I"D:/GitHub/STM32f7_freeRTOS/C1/ThirdParty/SEGGER/Config" -I"D:/GitHub/STM32f7_freeRTOS/C1/ThirdParty/SEGGER/OS" -I"D:/GitHub/STM32f7_freeRTOS/C1/ThirdParty/SEGGER/Patch" -I"D:/GitHub/STM32f7_freeRTOS/C1/ThirdParty/SEGGER/SEGGER/Syscalls" -I"D:/GitHub/STM32f7_freeRTOS/C1/ThirdParty/FreeRTOS" -I"D:/GitHub/STM32f7_freeRTOS/C1/ThirdParty/FreeRTOS/include" -I"D:/GitHub/STM32f7_freeRTOS/C1/ThirdParty/FreeRTOS/portable/GCC/ARM_CM7/r0p1" -I../Drivers/STM32F7xx_HAL_Driver/Inc -I../Drivers/STM32F7xx_HAL_Driver/Inc/Legacy -I../Drivers/CMSIS/Device/ST/STM32F7xx/Include -I../Drivers/CMSIS/Include -O0 -ffunction-sections -fdata-sections -Wall -fstack-usage -MMD -MP -MF"ThirdParty/FreeRTOS/tasks.d" -MT"ThirdParty/FreeRTOS/tasks.o" --specs=nano.specs -mfpu=fpv5-sp-d16 -mfloat-abi=hard -mthumb -o "ThirdParty/FreeRTOS/tasks.o"
arm-none-eabi-gcc "../ThirdParty/FreeRTOS/timers.c" -mcpu=cortex-m7 -std=gnu11 -g3 -DUSE_HAL_DRIVER -DSTM32F746xx -DDEBUG -c -I../Core/Inc -I"D:/GitHub/STM32f7_freeRTOS/C1/ThirdParty/SEGGER/Config" -I"D:/GitHub/STM32f7_freeRTOS/C1/ThirdParty/SEGGER/OS" -I"D:/GitHub/STM32f7_freeRTOS/C1/ThirdParty/SEGGER/SEGGER" -I"D:/GitHub/STM32f7_freeRTOS/C1/ThirdParty/SEGGER/Config" -I"D:/GitHub/STM32f7_freeRTOS/C1/ThirdParty/SEGGER/OS" -I"D:/GitHub/STM32f7_freeRTOS/C1/ThirdParty/SEGGER/Patch" -I"D:/GitHub/STM32f7_freeRTOS/C1/ThirdParty/SEGGER/SEGGER/Syscalls" -I"D:/GitHub/STM32f7_freeRTOS/C1/ThirdParty/FreeRTOS" -I"D:/GitHub/STM32f7_freeRTOS/C1/ThirdParty/FreeRTOS/include" -I"D:/GitHub/STM32f7_freeRTOS/C1/ThirdParty/FreeRTOS/portable/GCC/ARM_CM7/r0p1" -I../Drivers/STM32F7xx_HAL_Driver/Inc -I../Drivers/STM32F7xx_HAL_Driver/Inc/Legacy -I../Drivers/CMSIS/Device/ST/STM32F7xx/Include -I../Drivers/CMSIS/Include -O0 -ffunction-sections -fdata-sections -Wall -fstack-usage -MMD -MP -MF"ThirdParty/FreeRTOS/timers.d" -MT"ThirdParty/FreeRTOS/timers.o" --specs=nano.specs -mfpu=fpv5-sp-d16 -mfloat-abi=hard -mthumb -o "ThirdParty/FreeRTOS/timers.o"
arm-none-eabi-gcc "../Drivers/STM32F7xx_HAL_Driver/Src/stm32f7xx_hal.c" -mcpu=cortex-m7 -std=gnu11 -g3 -DUSE_HAL_DRIVER -DSTM32F746xx -DDEBUG -c -I../Core/Inc -I"D:/GitHub/STM32f7_freeRTOS/C1/ThirdParty/SEGGER/Config" -I"D:/GitHub/STM32f7_freeRTOS/C1/ThirdParty/SEGGER/OS" -I"D:/GitHub/STM32f7_freeRTOS/C1/ThirdParty/SEGGER/SEGGER" -I"D:/GitHub/STM32f7_freeRTOS/C1/ThirdParty/SEGGER/Config" -I"D:/GitHub/STM32f7_freeRTOS/C1/ThirdParty/SEGGER/OS" -I"D:/GitHub/STM32f7_freeRTOS/C1/ThirdParty/SEGGER/Patch" -I"D:/GitHub/STM32f7_freeRTOS/C1/ThirdParty/SEGGER/SEGGER/Syscalls" -I"D:/GitHub/STM32f7_freeRTOS/C1/ThirdParty/FreeRTOS" -I"D:/GitHub/STM32f7_freeRTOS/C1/ThirdParty/FreeRTOS/include" -I"D:/GitHub/STM32f7_freeRTOS/C1/ThirdParty/FreeRTOS/portable/GCC/ARM_CM7/r0p1" -I../Drivers/STM32F7xx_HAL_Driver/Inc -I../Drivers/STM32F7xx_HAL_Driver/Inc/Legacy -I../Drivers/CMSIS/Device/ST/STM32F7xx/Include -I../Drivers/CMSIS/Include -O0 -ffunction-sections -fdata-sections -Wall -fstack-usage -MMD -MP -MF"Drivers/STM32F7xx_HAL_Driver/Src/stm32f7xx_hal.d" -MT"Drivers/STM32F7xx_HAL_Driver/Src/stm32f7xx_hal.o" --specs=nano.specs -mfpu=fpv5-sp-d16 -mfloat-abi=hard -mthumb -o "Drivers/STM32F7xx_HAL_Driver/Src/stm32f7xx_hal.o"
arm-none-eabi-gcc "../Drivers/STM32F7xx_HAL_Driver/Src/stm32f7xx_hal_cortex.c" -mcpu=cortex-m7 -std=gnu11 -g3 -DUSE_HAL_DRIVER -DSTM32F746xx -DDEBUG -c -I../Core/Inc -I"D:/GitHub/STM32f7_freeRTOS/C1/ThirdParty/SEGGER/Config" -I"D:/GitHub/STM32f7_freeRTOS/C1/ThirdParty/SEGGER/OS" -I"D:/GitHub/STM32f7_freeRTOS/C1/ThirdParty/SEGGER/SEGGER" -I"D:/GitHub/STM32f7_freeRTOS/C1/ThirdParty/SEGGER/Config" -I"D:/GitHub/STM32f7_freeRTOS/C1/ThirdParty/SEGGER/OS" -I"D:/GitHub/STM32f7_freeRTOS/C1/ThirdParty/SEGGER/Patch" -I"D:/GitHub/STM32f7_freeRTOS/C1/ThirdParty/SEGGER/SEGGER/Syscalls" -I"D:/GitHub/STM32f7_freeRTOS/C1/ThirdParty/FreeRTOS" -I"D:/GitHub/STM32f7_freeRTOS/C1/ThirdParty/FreeRTOS/include" -I"D:/GitHub/STM32f7_freeRTOS/C1/ThirdParty/FreeRTOS/portable/GCC/ARM_CM7/r0p1" -I../Drivers/STM32F7xx_HAL_Driver/Inc -I../Drivers/STM32F7xx_HAL_Driver/Inc/Legacy -I../Drivers/CMSIS/Device/ST/STM32F7xx/Include -I../Drivers/CMSIS/Include -O0 -ffunction-sections -fdata-sections -Wall -fstack-usage -MMD -MP -MF"Drivers/STM32F7xx_HAL_Driver/Src/stm32f7xx_hal_cortex.d" -MT"Drivers/STM32F7xx_HAL_Driver/Src/stm32f7xx_hal_cortex.o" --specs=nano.specs -mfpu=fpv5-sp-d16 -mfloat-abi=hard -mthumb -o "Drivers/STM32F7xx_HAL_Driver/Src/stm32f7xx_hal_cortex.o"
arm-none-eabi-gcc "../Drivers/STM32F7xx_HAL_Driver/Src/stm32f7xx_hal_dma.c" -mcpu=cortex-m7 -std=gnu11 -g3 -DUSE_HAL_DRIVER -DSTM32F746xx -DDEBUG -c -I../Core/Inc -I"D:/GitHub/STM32f7_freeRTOS/C1/ThirdParty/SEGGER/Config" -I"D:/GitHub/STM32f7_freeRTOS/C1/ThirdParty/SEGGER/OS" -I"D:/GitHub/STM32f7_freeRTOS/C1/ThirdParty/SEGGER/SEGGER" -I"D:/GitHub/STM32f7_freeRTOS/C1/ThirdParty/SEGGER/Config" -I"D:/GitHub/STM32f7_freeRTOS/C1/ThirdParty/SEGGER/OS" -I"D:/GitHub/STM32f7_freeRTOS/C1/ThirdParty/SEGGER/Patch" -I"D:/GitHub/STM32f7_freeRTOS/C1/ThirdParty/SEGGER/SEGGER/Syscalls" -I"D:/GitHub/STM32f7_freeRTOS/C1/ThirdParty/FreeRTOS" -I"D:/GitHub/STM32f7_freeRTOS/C1/ThirdParty/FreeRTOS/include" -I"D:/GitHub/STM32f7_freeRTOS/C1/ThirdParty/FreeRTOS/portable/GCC/ARM_CM7/r0p1" -I../Drivers/STM32F7xx_HAL_Driver/Inc -I../Drivers/STM32F7xx_HAL_Driver/Inc/Legacy -I../Drivers/CMSIS/Device/ST/STM32F7xx/Include -I../Drivers/CMSIS/Include -O0 -ffunction-sections -fdata-sections -Wall -fstack-usage -MMD -MP -MF"Drivers/STM32F7xx_HAL_Driver/Src/stm32f7xx_hal_dma.d" -MT"Drivers/STM32F7xx_HAL_Driver/Src/stm32f7xx_hal_dma.o" --specs=nano.specs -mfpu=fpv5-sp-d16 -mfloat-abi=hard -mthumb -o "Drivers/STM32F7xx_HAL_Driver/Src/stm32f7xx_hal_dma.o"
arm-none-eabi-gcc "../Drivers/STM32F7xx_HAL_Driver/Src/stm32f7xx_hal_dma_ex.c" -mcpu=cortex-m7 -std=gnu11 -g3 -DUSE_HAL_DRIVER -DSTM32F746xx -DDEBUG -c -I../Core/Inc -I"D:/GitHub/STM32f7_freeRTOS/C1/ThirdParty/SEGGER/Config" -I"D:/GitHub/STM32f7_freeRTOS/C1/ThirdParty/SEGGER/OS" -I"D:/GitHub/STM32f7_freeRTOS/C1/ThirdParty/SEGGER/SEGGER" -I"D:/GitHub/STM32f7_freeRTOS/C1/ThirdParty/SEGGER/Config" -I"D:/GitHub/STM32f7_freeRTOS/C1/ThirdParty/SEGGER/OS" -I"D:/GitHub/STM32f7_freeRTOS/C1/ThirdParty/SEGGER/Patch" -I"D:/GitHub/STM32f7_freeRTOS/C1/ThirdParty/SEGGER/SEGGER/Syscalls" -I"D:/GitHub/STM32f7_freeRTOS/C1/ThirdParty/FreeRTOS" -I"D:/GitHub/STM32f7_freeRTOS/C1/ThirdParty/FreeRTOS/include" -I"D:/GitHub/STM32f7_freeRTOS/C1/ThirdParty/FreeRTOS/portable/GCC/ARM_CM7/r0p1" -I../Drivers/STM32F7xx_HAL_Driver/Inc -I../Drivers/STM32F7xx_HAL_Driver/Inc/Legacy -I../Drivers/CMSIS/Device/ST/STM32F7xx/Include -I../Drivers/CMSIS/Include -O0 -ffunction-sections -fdata-sections -Wall -fstack-usage -MMD -MP -MF"Drivers/STM32F7xx_HAL_Driver/Src/stm32f7xx_hal_dma_ex.d" -MT"Drivers/STM32F7xx_HAL_Driver/Src/stm32f7xx_hal_dma_ex.o" --specs=nano.specs -mfpu=fpv5-sp-d16 -mfloat-abi=hard -mthumb -o "Drivers/STM32F7xx_HAL_Driver/Src/stm32f7xx_hal_dma_ex.o"
arm-none-eabi-gcc "../Drivers/STM32F7xx_HAL_Driver/Src/stm32f7xx_hal_exti.c" -mcpu=cortex-m7 -std=gnu11 -g3 -DUSE_HAL_DRIVER -DSTM32F746xx -DDEBUG -c -I../Core/Inc -I"D:/GitHub/STM32f7_freeRTOS/C1/ThirdParty/SEGGER/Config" -I"D:/GitHub/STM32f7_freeRTOS/C1/ThirdParty/SEGGER/OS" -I"D:/GitHub/STM32f7_freeRTOS/C1/ThirdParty/SEGGER/SEGGER" -I"D:/GitHub/STM32f7_freeRTOS/C1/ThirdParty/SEGGER/Config" -I"D:/GitHub/STM32f7_freeRTOS/C1/ThirdParty/SEGGER/OS" -I"D:/GitHub/STM32f7_freeRTOS/C1/ThirdParty/SEGGER/Patch" -I"D:/GitHub/STM32f7_freeRTOS/C1/ThirdParty/SEGGER/SEGGER/Syscalls" -I"D:/GitHub/STM32f7_freeRTOS/C1/ThirdParty/FreeRTOS" -I"D:/GitHub/STM32f7_freeRTOS/C1/ThirdParty/FreeRTOS/include" -I"D:/GitHub/STM32f7_freeRTOS/C1/ThirdParty/FreeRTOS/portable/GCC/ARM_CM7/r0p1" -I../Drivers/STM32F7xx_HAL_Driver/Inc -I../Drivers/STM32F7xx_HAL_Driver/Inc/Legacy -I../Drivers/CMSIS/Device/ST/STM32F7xx/Include -I../Drivers/CMSIS/Include -O0 -ffunction-sections -fdata-sections -Wall -fstack-usage -MMD -MP -MF"Drivers/STM32F7xx_HAL_Driver/Src/stm32f7xx_hal_exti.d" -MT"Drivers/STM32F7xx_HAL_Driver/Src/stm32f7xx_hal_exti.o" --specs=nano.specs -mfpu=fpv5-sp-d16 -mfloat-abi=hard -mthumb -o "Drivers/STM32F7xx_HAL_Driver/Src/stm32f7xx_hal_exti.o"
arm-none-eabi-gcc "../Drivers/STM32F7xx_HAL_Driver/Src/stm32f7xx_hal_flash.c" -mcpu=cortex-m7 -std=gnu11 -g3 -DUSE_HAL_DRIVER -DSTM32F746xx -DDEBUG -c -I../Core/Inc -I"D:/GitHub/STM32f7_freeRTOS/C1/ThirdParty/SEGGER/Config" -I"D:/GitHub/STM32f7_freeRTOS/C1/ThirdParty/SEGGER/OS" -I"D:/GitHub/STM32f7_freeRTOS/C1/ThirdParty/SEGGER/SEGGER" -I"D:/GitHub/STM32f7_freeRTOS/C1/ThirdParty/SEGGER/Config" -I"D:/GitHub/STM32f7_freeRTOS/C1/ThirdParty/SEGGER/OS" -I"D:/GitHub/STM32f7_freeRTOS/C1/ThirdParty/SEGGER/Patch" -I"D:/GitHub/STM32f7_freeRTOS/C1/ThirdParty/SEGGER/SEGGER/Syscalls" -I"D:/GitHub/STM32f7_freeRTOS/C1/ThirdParty/FreeRTOS" -I"D:/GitHub/STM32f7_freeRTOS/C1/ThirdParty/FreeRTOS/include" -I"D:/GitHub/STM32f7_freeRTOS/C1/ThirdParty/FreeRTOS/portable/GCC/ARM_CM7/r0p1" -I../Drivers/STM32F7xx_HAL_Driver/Inc -I../Drivers/STM32F7xx_HAL_Driver/Inc/Legacy -I../Drivers/CMSIS/Device/ST/STM32F7xx/Include -I../Drivers/CMSIS/Include -O0 -ffunction-sections -fdata-sections -Wall -fstack-usage -MMD -MP -MF"Drivers/STM32F7xx_HAL_Driver/Src/stm32f7xx_hal_flash.d" -MT"Drivers/STM32F7xx_HAL_Driver/Src/stm32f7xx_hal_flash.o" --specs=nano.specs -mfpu=fpv5-sp-d16 -mfloat-abi=hard -mthumb -o "Drivers/STM32F7xx_HAL_Driver/Src/stm32f7xx_hal_flash.o"
arm-none-eabi-gcc "../Drivers/STM32F7xx_HAL_Driver/Src/stm32f7xx_hal_flash_ex.c" -mcpu=cortex-m7 -std=gnu11 -g3 -DUSE_HAL_DRIVER -DSTM32F746xx -DDEBUG -c -I../Core/Inc -I"D:/GitHub/STM32f7_freeRTOS/C1/ThirdParty/SEGGER/Config" -I"D:/GitHub/STM32f7_freeRTOS/C1/ThirdParty/SEGGER/OS" -I"D:/GitHub/STM32f7_freeRTOS/C1/ThirdParty/SEGGER/SEGGER" -I"D:/GitHub/STM32f7_freeRTOS/C1/ThirdParty/SEGGER/Config" -I"D:/GitHub/STM32f7_freeRTOS/C1/ThirdParty/SEGGER/OS" -I"D:/GitHub/STM32f7_freeRTOS/C1/ThirdParty/SEGGER/Patch" -I"D:/GitHub/STM32f7_freeRTOS/C1/ThirdParty/SEGGER/SEGGER/Syscalls" -I"D:/GitHub/STM32f7_freeRTOS/C1/ThirdParty/FreeRTOS" -I"D:/GitHub/STM32f7_freeRTOS/C1/ThirdParty/FreeRTOS/include" -I"D:/GitHub/STM32f7_freeRTOS/C1/ThirdParty/FreeRTOS/portable/GCC/ARM_CM7/r0p1" -I../Drivers/STM32F7xx_HAL_Driver/Inc -I../Drivers/STM32F7xx_HAL_Driver/Inc/Legacy -I../Drivers/CMSIS/Device/ST/STM32F7xx/Include -I../Drivers/CMSIS/Include -O0 -ffunction-sections -fdata-sections -Wall -fstack-usage -MMD -MP -MF"Drivers/STM32F7xx_HAL_Driver/Src/stm32f7xx_hal_flash_ex.d" -MT"Drivers/STM32F7xx_HAL_Driver/Src/stm32f7xx_hal_flash_ex.o" --specs=nano.specs -mfpu=fpv5-sp-d16 -mfloat-abi=hard -mthumb -o "Drivers/STM32F7xx_HAL_Driver/Src/stm32f7xx_hal_flash_ex.o"
arm-none-eabi-gcc "../Drivers/STM32F7xx_HAL_Driver/Src/stm32f7xx_hal_gpio.c" -mcpu=cortex-m7 -std=gnu11 -g3 -DUSE_HAL_DRIVER -DSTM32F746xx -DDEBUG -c -I../Core/Inc -I"D:/GitHub/STM32f7_freeRTOS/C1/ThirdParty/SEGGER/Config" -I"D:/GitHub/STM32f7_freeRTOS/C1/ThirdParty/SEGGER/OS" -I"D:/GitHub/STM32f7_freeRTOS/C1/ThirdParty/SEGGER/SEGGER" -I"D:/GitHub/STM32f7_freeRTOS/C1/ThirdParty/SEGGER/Config" -I"D:/GitHub/STM32f7_freeRTOS/C1/ThirdParty/SEGGER/OS" -I"D:/GitHub/STM32f7_freeRTOS/C1/ThirdParty/SEGGER/Patch" -I"D:/GitHub/STM32f7_freeRTOS/C1/ThirdParty/SEGGER/SEGGER/Syscalls" -I"D:/GitHub/STM32f7_freeRTOS/C1/ThirdParty/FreeRTOS" -I"D:/GitHub/STM32f7_freeRTOS/C1/ThirdParty/FreeRTOS/include" -I"D:/GitHub/STM32f7_freeRTOS/C1/ThirdParty/FreeRTOS/portable/GCC/ARM_CM7/r0p1" -I../Drivers/STM32F7xx_HAL_Driver/Inc -I../Drivers/STM32F7xx_HAL_Driver/Inc/Legacy -I../Drivers/CMSIS/Device/ST/STM32F7xx/Include -I../Drivers/CMSIS/Include -O0 -ffunction-sections -fdata-sections -Wall -fstack-usage -MMD -MP -MF"Drivers/STM32F7xx_HAL_Driver/Src/stm32f7xx_hal_gpio.d" -MT"Drivers/STM32F7xx_HAL_Driver/Src/stm32f7xx_hal_gpio.o" --specs=nano.specs -mfpu=fpv5-sp-d16 -mfloat-abi=hard -mthumb -o "Drivers/STM32F7xx_HAL_Driver/Src/stm32f7xx_hal_gpio.o"
arm-none-eabi-gcc "../Drivers/STM32F7xx_HAL_Driver/Src/stm32f7xx_hal_i2c.c" -mcpu=cortex-m7 -std=gnu11 -g3 -DUSE_HAL_DRIVER -DSTM32F746xx -DDEBUG -c -I../Core/Inc -I"D:/GitHub/STM32f7_freeRTOS/C1/ThirdParty/SEGGER/Config" -I"D:/GitHub/STM32f7_freeRTOS/C1/ThirdParty/SEGGER/OS" -I"D:/GitHub/STM32f7_freeRTOS/C1/ThirdParty/SEGGER/SEGGER" -I"D:/GitHub/STM32f7_freeRTOS/C1/ThirdParty/SEGGER/Config" -I"D:/GitHub/STM32f7_freeRTOS/C1/ThirdParty/SEGGER/OS" -I"D:/GitHub/STM32f7_freeRTOS/C1/ThirdParty/SEGGER/Patch" -I"D:/GitHub/STM32f7_freeRTOS/C1/ThirdParty/SEGGER/SEGGER/Syscalls" -I"D:/GitHub/STM32f7_freeRTOS/C1/ThirdParty/FreeRTOS" -I"D:/GitHub/STM32f7_freeRTOS/C1/ThirdParty/FreeRTOS/include" -I"D:/GitHub/STM32f7_freeRTOS/C1/ThirdParty/FreeRTOS/portable/GCC/ARM_CM7/r0p1" -I../Drivers/STM32F7xx_HAL_Driver/Inc -I../Drivers/STM32F7xx_HAL_Driver/Inc/Legacy -I../Drivers/CMSIS/Device/ST/STM32F7xx/Include -I../Drivers/CMSIS/Include -O0 -ffunction-sections -fdata-sections -Wall -fstack-usage -MMD -MP -MF"Drivers/STM32F7xx_HAL_Driver/Src/stm32f7xx_hal_i2c.d" -MT"Drivers/STM32F7xx_HAL_Driver/Src/stm32f7xx_hal_i2c.o" --specs=nano.specs -mfpu=fpv5-sp-d16 -mfloat-abi=hard -mthumb -o "Drivers/STM32F7xx_HAL_Driver/Src/stm32f7xx_hal_i2c.o"
arm-none-eabi-gcc "../Drivers/STM32F7xx_HAL_Driver/Src/stm32f7xx_hal_i2c_ex.c" -mcpu=cortex-m7 -std=gnu11 -g3 -DUSE_HAL_DRIVER -DSTM32F746xx -DDEBUG -c -I../Core/Inc -I"D:/GitHub/STM32f7_freeRTOS/C1/ThirdParty/SEGGER/Config" -I"D:/GitHub/STM32f7_freeRTOS/C1/ThirdParty/SEGGER/OS" -I"D:/GitHub/STM32f7_freeRTOS/C1/ThirdParty/SEGGER/SEGGER" -I"D:/GitHub/STM32f7_freeRTOS/C1/ThirdParty/SEGGER/Config" -I"D:/GitHub/STM32f7_freeRTOS/C1/ThirdParty/SEGGER/OS" -I"D:/GitHub/STM32f7_freeRTOS/C1/ThirdParty/SEGGER/Patch" -I"D:/GitHub/STM32f7_freeRTOS/C1/ThirdParty/SEGGER/SEGGER/Syscalls" -I"D:/GitHub/STM32f7_freeRTOS/C1/ThirdParty/FreeRTOS" -I"D:/GitHub/STM32f7_freeRTOS/C1/ThirdParty/FreeRTOS/include" -I"D:/GitHub/STM32f7_freeRTOS/C1/ThirdParty/FreeRTOS/portable/GCC/ARM_CM7/r0p1" -I../Drivers/STM32F7xx_HAL_Driver/Inc -I../Drivers/STM32F7xx_HAL_Driver/Inc/Legacy -I../Drivers/CMSIS/Device/ST/STM32F7xx/Include -I../Drivers/CMSIS/Include -O0 -ffunction-sections -fdata-sections -Wall -fstack-usage -MMD -MP -MF"Drivers/STM32F7xx_HAL_Driver/Src/stm32f7xx_hal_i2c_ex.d" -MT"Drivers/STM32F7xx_HAL_Driver/Src/stm32f7xx_hal_i2c_ex.o" --specs=nano.specs -mfpu=fpv5-sp-d16 -mfloat-abi=hard -mthumb -o "Drivers/STM32F7xx_HAL_Driver/Src/stm32f7xx_hal_i2c_ex.o"
arm-none-eabi-gcc "../Drivers/STM32F7xx_HAL_Driver/Src/stm32f7xx_hal_pwr.c" -mcpu=cortex-m7 -std=gnu11 -g3 -DUSE_HAL_DRIVER -DSTM32F746xx -DDEBUG -c -I../Core/Inc -I"D:/GitHub/STM32f7_freeRTOS/C1/ThirdParty/SEGGER/Config" -I"D:/GitHub/STM32f7_freeRTOS/C1/ThirdParty/SEGGER/OS" -I"D:/GitHub/STM32f7_freeRTOS/C1/ThirdParty/SEGGER/SEGGER" -I"D:/GitHub/STM32f7_freeRTOS/C1/ThirdParty/SEGGER/Config" -I"D:/GitHub/STM32f7_freeRTOS/C1/ThirdParty/SEGGER/OS" -I"D:/GitHub/STM32f7_freeRTOS/C1/ThirdParty/SEGGER/Patch" -I"D:/GitHub/STM32f7_freeRTOS/C1/ThirdParty/SEGGER/SEGGER/Syscalls" -I"D:/GitHub/STM32f7_freeRTOS/C1/ThirdParty/FreeRTOS" -I"D:/GitHub/STM32f7_freeRTOS/C1/ThirdParty/FreeRTOS/include" -I"D:/GitHub/STM32f7_freeRTOS/C1/ThirdParty/FreeRTOS/portable/GCC/ARM_CM7/r0p1" -I../Drivers/STM32F7xx_HAL_Driver/Inc -I../Drivers/STM32F7xx_HAL_Driver/Inc/Legacy -I../Drivers/CMSIS/Device/ST/STM32F7xx/Include -I../Drivers/CMSIS/Include -O0 -ffunction-sections -fdata-sections -Wall -fstack-usage -MMD -MP -MF"Drivers/STM32F7xx_HAL_Driver/Src/stm32f7xx_hal_pwr.d" -MT"Drivers/STM32F7xx_HAL_Driver/Src/stm32f7xx_hal_pwr.o" --specs=nano.specs -mfpu=fpv5-sp-d16 -mfloat-abi=hard -mthumb -o "Drivers/STM32F7xx_HAL_Driver/Src/stm32f7xx_hal_pwr.o"
arm-none-eabi-gcc "../Drivers/STM32F7xx_HAL_Driver/Src/stm32f7xx_hal_pwr_ex.c" -mcpu=cortex-m7 -std=gnu11 -g3 -DUSE_HAL_DRIVER -DSTM32F746xx -DDEBUG -c -I../Core/Inc -I"D:/GitHub/STM32f7_freeRTOS/C1/ThirdParty/SEGGER/Config" -I"D:/GitHub/STM32f7_freeRTOS/C1/ThirdParty/SEGGER/OS" -I"D:/GitHub/STM32f7_freeRTOS/C1/ThirdParty/SEGGER/SEGGER" -I"D:/GitHub/STM32f7_freeRTOS/C1/ThirdParty/SEGGER/Config" -I"D:/GitHub/STM32f7_freeRTOS/C1/ThirdParty/SEGGER/OS" -I"D:/GitHub/STM32f7_freeRTOS/C1/ThirdParty/SEGGER/Patch" -I"D:/GitHub/STM32f7_freeRTOS/C1/ThirdParty/SEGGER/SEGGER/Syscalls" -I"D:/GitHub/STM32f7_freeRTOS/C1/ThirdParty/FreeRTOS" -I"D:/GitHub/STM32f7_freeRTOS/C1/ThirdParty/FreeRTOS/include" -I"D:/GitHub/STM32f7_freeRTOS/C1/ThirdParty/FreeRTOS/portable/GCC/ARM_CM7/r0p1" -I../Drivers/STM32F7xx_HAL_Driver/Inc -I../Drivers/STM32F7xx_HAL_Driver/Inc/Legacy -I../Drivers/CMSIS/Device/ST/STM32F7xx/Include -I../Drivers/CMSIS/Include -O0 -ffunction-sections -fdata-sections -Wall -fstack-usage -MMD -MP -MF"Drivers/STM32F7xx_HAL_Driver/Src/stm32f7xx_hal_pwr_ex.d" -MT"Drivers/STM32F7xx_HAL_Driver/Src/stm32f7xx_hal_pwr_ex.o" --specs=nano.specs -mfpu=fpv5-sp-d16 -mfloat-abi=hard -mthumb -o "Drivers/STM32F7xx_HAL_Driver/Src/stm32f7xx_hal_pwr_ex.o"
arm-none-eabi-gcc "../Drivers/STM32F7xx_HAL_Driver/Src/stm32f7xx_hal_rcc.c" -mcpu=cortex-m7 -std=gnu11 -g3 -DUSE_HAL_DRIVER -DSTM32F746xx -DDEBUG -c -I../Core/Inc -I"D:/GitHub/STM32f7_freeRTOS/C1/ThirdParty/SEGGER/Config" -I"D:/GitHub/STM32f7_freeRTOS/C1/ThirdParty/SEGGER/OS" -I"D:/GitHub/STM32f7_freeRTOS/C1/ThirdParty/SEGGER/SEGGER" -I"D:/GitHub/STM32f7_freeRTOS/C1/ThirdParty/SEGGER/Config" -I"D:/GitHub/STM32f7_freeRTOS/C1/ThirdParty/SEGGER/OS" -I"D:/GitHub/STM32f7_freeRTOS/C1/ThirdParty/SEGGER/Patch" -I"D:/GitHub/STM32f7_freeRTOS/C1/ThirdParty/SEGGER/SEGGER/Syscalls" -I"D:/GitHub/STM32f7_freeRTOS/C1/ThirdParty/FreeRTOS" -I"D:/GitHub/STM32f7_freeRTOS/C1/ThirdParty/FreeRTOS/include" -I"D:/GitHub/STM32f7_freeRTOS/C1/ThirdParty/FreeRTOS/portable/GCC/ARM_CM7/r0p1" -I../Drivers/STM32F7xx_HAL_Driver/Inc -I../Drivers/STM32F7xx_HAL_Driver/Inc/Legacy -I../Drivers/CMSIS/Device/ST/STM32F7xx/Include -I../Drivers/CMSIS/Include -O0 -ffunction-sections -fdata-sections -Wall -fstack-usage -MMD -MP -MF"Drivers/STM32F7xx_HAL_Driver/Src/stm32f7xx_hal_rcc.d" -MT"Drivers/STM32F7xx_HAL_Driver/Src/stm32f7xx_hal_rcc.o" --specs=nano.specs -mfpu=fpv5-sp-d16 -mfloat-abi=hard -mthumb -o "Drivers/STM32F7xx_HAL_Driver/Src/stm32f7xx_hal_rcc.o"
arm-none-eabi-gcc "../Drivers/STM32F7xx_HAL_Driver/Src/stm32f7xx_hal_rcc_ex.c" -mcpu=cortex-m7 -std=gnu11 -g3 -DUSE_HAL_DRIVER -DSTM32F746xx -DDEBUG -c -I../Core/Inc -I"D:/GitHub/STM32f7_freeRTOS/C1/ThirdParty/SEGGER/Config" -I"D:/GitHub/STM32f7_freeRTOS/C1/ThirdParty/SEGGER/OS" -I"D:/GitHub/STM32f7_freeRTOS/C1/ThirdParty/SEGGER/SEGGER" -I"D:/GitHub/STM32f7_freeRTOS/C1/ThirdParty/SEGGER/Config" -I"D:/GitHub/STM32f7_freeRTOS/C1/ThirdParty/SEGGER/OS" -I"D:/GitHub/STM32f7_freeRTOS/C1/ThirdParty/SEGGER/Patch" -I"D:/GitHub/STM32f7_freeRTOS/C1/ThirdParty/SEGGER/SEGGER/Syscalls" -I"D:/GitHub/STM32f7_freeRTOS/C1/ThirdParty/FreeRTOS" -I"D:/GitHub/STM32f7_freeRTOS/C1/ThirdParty/FreeRTOS/include" -I"D:/GitHub/STM32f7_freeRTOS/C1/ThirdParty/FreeRTOS/portable/GCC/ARM_CM7/r0p1" -I../Drivers/STM32F7xx_HAL_Driver/Inc -I../Drivers/STM32F7xx_HAL_Driver/Inc/Legacy -I../Drivers/CMSIS/Device/ST/STM32F7xx/Include -I../Drivers/CMSIS/Include -O0 -ffunction-sections -fdata-sections -Wall -fstack-usage -MMD -MP -MF"Drivers/STM32F7xx_HAL_Driver/Src/stm32f7xx_hal_rcc_ex.d" -MT"Drivers/STM32F7xx_HAL_Driver/Src/stm32f7xx_hal_rcc_ex.o" --specs=nano.specs -mfpu=fpv5-sp-d16 -mfloat-abi=hard -mthumb -o "Drivers/STM32F7xx_HAL_Driver/Src/stm32f7xx_hal_rcc_ex.o"
arm-none-eabi-gcc "../Drivers/STM32F7xx_HAL_Driver/Src/stm32f7xx_hal_tim.c" -mcpu=cortex-m7 -std=gnu11 -g3 -DUSE_HAL_DRIVER -DSTM32F746xx -DDEBUG -c -I../Core/Inc -I"D:/GitHub/STM32f7_freeRTOS/C1/ThirdParty/SEGGER/Config" -I"D:/GitHub/STM32f7_freeRTOS/C1/ThirdParty/SEGGER/OS" -I"D:/GitHub/STM32f7_freeRTOS/C1/ThirdParty/SEGGER/SEGGER" -I"D:/GitHub/STM32f7_freeRTOS/C1/ThirdParty/SEGGER/Config" -I"D:/GitHub/STM32f7_freeRTOS/C1/ThirdParty/SEGGER/OS" -I"D:/GitHub/STM32f7_freeRTOS/C1/ThirdParty/SEGGER/Patch" -I"D:/GitHub/STM32f7_freeRTOS/C1/ThirdParty/SEGGER/SEGGER/Syscalls" -I"D:/GitHub/STM32f7_freeRTOS/C1/ThirdParty/FreeRTOS" -I"D:/GitHub/STM32f7_freeRTOS/C1/ThirdParty/FreeRTOS/include" -I"D:/GitHub/STM32f7_freeRTOS/C1/ThirdParty/FreeRTOS/portable/GCC/ARM_CM7/r0p1" -I../Drivers/STM32F7xx_HAL_Driver/Inc -I../Drivers/STM32F7xx_HAL_Driver/Inc/Legacy -I../Drivers/CMSIS/Device/ST/STM32F7xx/Include -I../Drivers/CMSIS/Include -O0 -ffunction-sections -fdata-sections -Wall -fstack-usage -MMD -MP -MF"Drivers/STM32F7xx_HAL_Driver/Src/stm32f7xx_hal_tim.d" -MT"Drivers/STM32F7xx_HAL_Driver/Src/stm32f7xx_hal_tim.o" --specs=nano.specs -mfpu=fpv5-sp-d16 -mfloat-abi=hard -mthumb -o "Drivers/STM32F7xx_HAL_Driver/Src/stm32f7xx_hal_tim.o"
arm-none-eabi-gcc "../Drivers/STM32F7xx_HAL_Driver/Src/stm32f7xx_hal_tim_ex.c" -mcpu=cortex-m7 -std=gnu11 -g3 -DUSE_HAL_DRIVER -DSTM32F746xx -DDEBUG -c -I../Core/Inc -I"D:/GitHub/STM32f7_freeRTOS/C1/ThirdParty/SEGGER/Config" -I"D:/GitHub/STM32f7_freeRTOS/C1/ThirdParty/SEGGER/OS" -I"D:/GitHub/STM32f7_freeRTOS/C1/ThirdParty/SEGGER/SEGGER" -I"D:/GitHub/STM32f7_freeRTOS/C1/ThirdParty/SEGGER/Config" -I"D:/GitHub/STM32f7_freeRTOS/C1/ThirdParty/SEGGER/OS" -I"D:/GitHub/STM32f7_freeRTOS/C1/ThirdParty/SEGGER/Patch" -I"D:/GitHub/STM32f7_freeRTOS/C1/ThirdParty/SEGGER/SEGGER/Syscalls" -I"D:/GitHub/STM32f7_freeRTOS/C1/ThirdParty/FreeRTOS" -I"D:/GitHub/STM32f7_freeRTOS/C1/ThirdParty/FreeRTOS/include" -I"D:/GitHub/STM32f7_freeRTOS/C1/ThirdParty/FreeRTOS/portable/GCC/ARM_CM7/r0p1" -I../Drivers/STM32F7xx_HAL_Driver/Inc -I../Drivers/STM32F7xx_HAL_Driver/Inc/Legacy -I../Drivers/CMSIS/Device/ST/STM32F7xx/Include -I../Drivers/CMSIS/Include -O0 -ffunction-sections -fdata-sections -Wall -fstack-usage -MMD -MP -MF"Drivers/STM32F7xx_HAL_Driver/Src/stm32f7xx_hal_tim_ex.d" -MT"Drivers/STM32F7xx_HAL_Driver/Src/stm32f7xx_hal_tim_ex.o" --specs=nano.specs -mfpu=fpv5-sp-d16 -mfloat-abi=hard -mthumb -o "Drivers/STM32F7xx_HAL_Driver/Src/stm32f7xx_hal_tim_ex.o"
arm-none-eabi-gcc -mcpu=cortex-m7 -g3 -c -I"D:/GitHub/STM32f7_freeRTOS/C1/ThirdParty/SEGGER/Config" -x assembler-with-cpp -MMD -MP -MF"Core/Startup/startup_stm32f746nghx.d" -MT"Core/Startup/startup_stm32f746nghx.o" --specs=nano.specs -mfpu=fpv5-sp-d16 -mfloat-abi=hard -mthumb -o "Core/Startup/startup_stm32f746nghx.o" "../Core/Startup/startup_stm32f746nghx.s"
arm-none-eabi-gcc "../Core/Src/main.c" -mcpu=cortex-m7 -std=gnu11 -g3 -DUSE_HAL_DRIVER -DSTM32F746xx -DDEBUG -c -I../Core/Inc -I"D:/GitHub/STM32f7_freeRTOS/C1/ThirdParty/SEGGER/Config" -I"D:/GitHub/STM32f7_freeRTOS/C1/ThirdParty/SEGGER/OS" -I"D:/GitHub/STM32f7_freeRTOS/C1/ThirdParty/SEGGER/SEGGER" -I"D:/GitHub/STM32f7_freeRTOS/C1/ThirdParty/SEGGER/Config" -I"D:/GitHub/STM32f7_freeRTOS/C1/ThirdParty/SEGGER/OS" -I"D:/GitHub/STM32f7_freeRTOS/C1/ThirdParty/SEGGER/Patch" -I"D:/GitHub/STM32f7_freeRTOS/C1/ThirdParty/SEGGER/SEGGER/Syscalls" -I"D:/GitHub/STM32f7_freeRTOS/C1/ThirdParty/FreeRTOS" -I"D:/GitHub/STM32f7_freeRTOS/C1/ThirdParty/FreeRTOS/include" -I"D:/GitHub/STM32f7_freeRTOS/C1/ThirdParty/FreeRTOS/portable/GCC/ARM_CM7/r0p1" -I../Drivers/STM32F7xx_HAL_Driver/Inc -I../Drivers/STM32F7xx_HAL_Driver/Inc/Legacy -I../Drivers/CMSIS/Device/ST/STM32F7xx/Include -I../Drivers/CMSIS/Include -O0 -ffunction-sections -fdata-sections -Wall -fstack-usage -MMD -MP -MF"Core/Src/main.d" -MT"Core/Src/main.o" --specs=nano.specs -mfpu=fpv5-sp-d16 -mfloat-abi=hard -mthumb -o "Core/Src/main.o"
arm-none-eabi-gcc "../Core/Src/stm32f7xx_hal_msp.c" -mcpu=cortex-m7 -std=gnu11 -g3 -DUSE_HAL_DRIVER -DSTM32F746xx -DDEBUG -c -I../Core/Inc -I"D:/GitHub/STM32f7_freeRTOS/C1/ThirdParty/SEGGER/Config" -I"D:/GitHub/STM32f7_freeRTOS/C1/ThirdParty/SEGGER/OS" -I"D:/GitHub/STM32f7_freeRTOS/C1/ThirdParty/SEGGER/SEGGER" -I"D:/GitHub/STM32f7_freeRTOS/C1/ThirdParty/SEGGER/Config" -I"D:/GitHub/STM32f7_freeRTOS/C1/ThirdParty/SEGGER/OS" -I"D:/GitHub/STM32f7_freeRTOS/C1/ThirdParty/SEGGER/Patch" -I"D:/GitHub/STM32f7_freeRTOS/C1/ThirdParty/SEGGER/SEGGER/Syscalls" -I"D:/GitHub/STM32f7_freeRTOS/C1/ThirdParty/FreeRTOS" -I"D:/GitHub/STM32f7_freeRTOS/C1/ThirdParty/FreeRTOS/include" -I"D:/GitHub/STM32f7_freeRTOS/C1/ThirdParty/FreeRTOS/portable/GCC/ARM_CM7/r0p1" -I../Drivers/STM32F7xx_HAL_Driver/Inc -I../Drivers/STM32F7xx_HAL_Driver/Inc/Legacy -I../Drivers/CMSIS/Device/ST/STM32F7xx/Include -I../Drivers/CMSIS/Include -O0 -ffunction-sections -fdata-sections -Wall -fstack-usage -MMD -MP -MF"Core/Src/stm32f7xx_hal_msp.d" -MT"Core/Src/stm32f7xx_hal_msp.o" --specs=nano.specs -mfpu=fpv5-sp-d16 -mfloat-abi=hard -mthumb -o "Core/Src/stm32f7xx_hal_msp.o"
arm-none-eabi-gcc "../Core/Src/stm32f7xx_hal_timebase_tim.c" -mcpu=cortex-m7 -std=gnu11 -g3 -DUSE_HAL_DRIVER -DSTM32F746xx -DDEBUG -c -I../Core/Inc -I"D:/GitHub/STM32f7_freeRTOS/C1/ThirdParty/SEGGER/Config" -I"D:/GitHub/STM32f7_freeRTOS/C1/ThirdParty/SEGGER/OS" -I"D:/GitHub/STM32f7_freeRTOS/C1/ThirdParty/SEGGER/SEGGER" -I"D:/GitHub/STM32f7_freeRTOS/C1/ThirdParty/SEGGER/Config" -I"D:/GitHub/STM32f7_freeRTOS/C1/ThirdParty/SEGGER/OS" -I"D:/GitHub/STM32f7_freeRTOS/C1/ThirdParty/SEGGER/Patch" -I"D:/GitHub/STM32f7_freeRTOS/C1/ThirdParty/SEGGER/SEGGER/Syscalls" -I"D:/GitHub/STM32f7_freeRTOS/C1/ThirdParty/FreeRTOS" -I"D:/GitHub/STM32f7_freeRTOS/C1/ThirdParty/FreeRTOS/include" -I"D:/GitHub/STM32f7_freeRTOS/C1/ThirdParty/FreeRTOS/portable/GCC/ARM_CM7/r0p1" -I../Drivers/STM32F7xx_HAL_Driver/Inc -I../Drivers/STM32F7xx_HAL_Driver/Inc/Legacy -I../Drivers/CMSIS/Device/ST/STM32F7xx/Include -I../Drivers/CMSIS/Include -O0 -ffunction-sections -fdata-sections -Wall -fstack-usage -MMD -MP -MF"Core/Src/stm32f7xx_hal_timebase_tim.d" -MT"Core/Src/stm32f7xx_hal_timebase_tim.o" --specs=nano.specs -mfpu=fpv5-sp-d16 -mfloat-abi=hard -mthumb -o "Core/Src/stm32f7xx_hal_timebase_tim.o"
arm-none-eabi-gcc "../Core/Src/stm32f7xx_it.c" -mcpu=cortex-m7 -std=gnu11 -g3 -DUSE_HAL_DRIVER -DSTM32F746xx -DDEBUG -c -I../Core/Inc -I"D:/GitHub/STM32f7_freeRTOS/C1/ThirdParty/SEGGER/Config" -I"D:/GitHub/STM32f7_freeRTOS/C1/ThirdParty/SEGGER/OS" -I"D:/GitHub/STM32f7_freeRTOS/C1/ThirdParty/SEGGER/SEGGER" -I"D:/GitHub/STM32f7_freeRTOS/C1/ThirdParty/SEGGER/Config" -I"D:/GitHub/STM32f7_freeRTOS/C1/ThirdParty/SEGGER/OS" -I"D:/GitHub/STM32f7_freeRTOS/C1/ThirdParty/SEGGER/Patch" -I"D:/GitHub/STM32f7_freeRTOS/C1/ThirdParty/SEGGER/SEGGER/Syscalls" -I"D:/GitHub/STM32f7_freeRTOS/C1/ThirdParty/FreeRTOS" -I"D:/GitHub/STM32f7_freeRTOS/C1/ThirdParty/FreeRTOS/include" -I"D:/GitHub/STM32f7_freeRTOS/C1/ThirdParty/FreeRTOS/portable/GCC/ARM_CM7/r0p1" -I../Drivers/STM32F7xx_HAL_Driver/Inc -I../Drivers/STM32F7xx_HAL_Driver/Inc/Legacy -I../Drivers/CMSIS/Device/ST/STM32F7xx/Include -I../Drivers/CMSIS/Include -O0 -ffunction-sections -fdata-sections -Wall -fstack-usage -MMD -MP -MF"Core/Src/stm32f7xx_it.d" -MT"Core/Src/stm32f7xx_it.o" --specs=nano.specs -mfpu=fpv5-sp-d16 -mfloat-abi=hard -mthumb -o "Core/Src/stm32f7xx_it.o"
arm-none-eabi-gcc "../Core/Src/syscalls.c" -mcpu=cortex-m7 -std=gnu11 -g3 -DUSE_HAL_DRIVER -DSTM32F746xx -DDEBUG -c -I../Core/Inc -I"D:/GitHub/STM32f7_freeRTOS/C1/ThirdParty/SEGGER/Config" -I"D:/GitHub/STM32f7_freeRTOS/C1/ThirdParty/SEGGER/OS" -I"D:/GitHub/STM32f7_freeRTOS/C1/ThirdParty/SEGGER/SEGGER" -I"D:/GitHub/STM32f7_freeRTOS/C1/ThirdParty/SEGGER/Config" -I"D:/GitHub/STM32f7_freeRTOS/C1/ThirdParty/SEGGER/OS" -I"D:/GitHub/STM32f7_freeRTOS/C1/ThirdParty/SEGGER/Patch" -I"D:/GitHub/STM32f7_freeRTOS/C1/ThirdParty/SEGGER/SEGGER/Syscalls" -I"D:/GitHub/STM32f7_freeRTOS/C1/ThirdParty/FreeRTOS" -I"D:/GitHub/STM32f7_freeRTOS/C1/ThirdParty/FreeRTOS/include" -I"D:/GitHub/STM32f7_freeRTOS/C1/ThirdParty/FreeRTOS/portable/GCC/ARM_CM7/r0p1" -I../Drivers/STM32F7xx_HAL_Driver/Inc -I../Drivers/STM32F7xx_HAL_Driver/Inc/Legacy -I../Drivers/CMSIS/Device/ST/STM32F7xx/Include -I../Drivers/CMSIS/Include -O0 -ffunction-sections -fdata-sections -Wall -fstack-usage -MMD -MP -MF"Core/Src/syscalls.d" -MT"Core/Src/syscalls.o" --specs=nano.specs -mfpu=fpv5-sp-d16 -mfloat-abi=hard -mthumb -o "Core/Src/syscalls.o"
arm-none-eabi-gcc "../Core/Src/system_stm32f7xx.c" -mcpu=cortex-m7 -std=gnu11 -g3 -DUSE_HAL_DRIVER -DSTM32F746xx -DDEBUG -c -I../Core/Inc -I"D:/GitHub/STM32f7_freeRTOS/C1/ThirdParty/SEGGER/Config" -I"D:/GitHub/STM32f7_freeRTOS/C1/ThirdParty/SEGGER/OS" -I"D:/GitHub/STM32f7_freeRTOS/C1/ThirdParty/SEGGER/SEGGER" -I"D:/GitHub/STM32f7_freeRTOS/C1/ThirdParty/SEGGER/Config" -I"D:/GitHub/STM32f7_freeRTOS/C1/ThirdParty/SEGGER/OS" -I"D:/GitHub/STM32f7_freeRTOS/C1/ThirdParty/SEGGER/Patch" -I"D:/GitHub/STM32f7_freeRTOS/C1/ThirdParty/SEGGER/SEGGER/Syscalls" -I"D:/GitHub/STM32f7_freeRTOS/C1/ThirdParty/FreeRTOS" -I"D:/GitHub/STM32f7_freeRTOS/C1/ThirdParty/FreeRTOS/include" -I"D:/GitHub/STM32f7_freeRTOS/C1/ThirdParty/FreeRTOS/portable/GCC/ARM_CM7/r0p1" -I../Drivers/STM32F7xx_HAL_Driver/Inc -I../Drivers/STM32F7xx_HAL_Driver/Inc/Legacy -I../Drivers/CMSIS/Device/ST/STM32F7xx/Include -I../Drivers/CMSIS/Include -O0 -ffunction-sections -fdata-sections -Wall -fstack-usage -MMD -MP -MF"Core/Src/system_stm32f7xx.d" -MT"Core/Src/system_stm32f7xx.o" --specs=nano.specs -mfpu=fpv5-sp-d16 -mfloat-abi=hard -mthumb -o "Core/Src/system_stm32f7xx.o"
arm-none-eabi-gcc -o "C1.elf" @"objects.list"   -mcpu=cortex-m7 -T"D:\GitHub\STM32f7_freeRTOS\C1\STM32F746NGHX_FLASH.ld" --specs=nosys.specs -Wl,-Map="C1.map" -Wl,--gc-sections -static --specs=nano.specs -mfpu=fpv5-sp-d16 -mfloat-abi=hard -mthumb -Wl,--start-group -lc -lm -Wl,--end-group
Finished building target: C1.elf
 
arm-none-eabi-size   C1.elf 
arm-none-eabi-objdump -h -S  C1.elf  > "C1.list"
arm-none-eabi-objcopy  -O binary  C1.elf  "C1.bin"
   text	   data	    bss	    dec	    hex	filename
  22464	     28	  84500	 106992	  1a1f0	C1.elf
Finished building: default.size.stdout
 
Finished building: C1.bin
Finished building: C1.list
 
 
